Using Python 3.10.12 environment at: /ANON/scratch_rq1/envs/phi4mm
Resolved 48 packages in 643ms
Downloading nvidia-cudnn-cu12 (634.0MiB)
Downloading nvidia-curand-cu12 (53.7MiB)
Downloading sympy (5.9MiB)
Downloading nvidia-cublas-cu12 (346.6MiB)
Downloading nvidia-cusparselt-cu12 (143.1MiB)
Downloading nvidia-cuda-nvrtc-cu12 (23.5MiB)
Downloading torch (731.2MiB)
Downloading nvidia-nvjitlink-cu12 (20.1MiB)
Downloading nvidia-cusparse-cu12 (197.8MiB)
Downloading nvidia-cusolver-cu12 (122.0MiB)
Downloading nvidia-cufft-cu12 (201.7MiB)
Downloading hf-xet (4.2MiB)
Downloading networkx (1.6MiB)
Downloading nvidia-nccl-cu12 (179.9MiB)
Downloading transformers (9.2MiB)
Downloading soundfile (1.3MiB)
Downloading pillow (4.3MiB)
Downloading torchvision (6.9MiB)
Downloading tokenizers (3.0MiB)
Downloading nvidia-cuda-cupti-cu12 (13.2MiB)
Downloading scipy (35.9MiB)
Downloading triton (241.4MiB)
Downloading numpy (16.0MiB)
 Downloaded soundfile
 Downloaded networkx
 Downloaded tokenizers
 Downloaded hf-xet
 Downloaded pillow
 Downloaded sympy
 Downloaded torchvision
 Downloaded transformers
 Downloaded nvidia-cuda-cupti-cu12
 Downloaded numpy
 Downloaded nvidia-nvjitlink-cu12
 Downloaded nvidia-cuda-nvrtc-cu12
 Downloaded scipy
 Downloaded nvidia-curand-cu12
 Downloaded nvidia-cusolver-cu12
 Downloaded nvidia-cusparselt-cu12
 Downloaded nvidia-nccl-cu12
 Downloaded nvidia-cusparse-cu12
 Downloaded nvidia-cufft-cu12
 Downloaded triton
 Downloaded nvidia-cublas-cu12
 Downloaded nvidia-cudnn-cu12
 Downloaded torch
Prepared 48 packages in 1m 14s
warning: Failed to hardlink files; falling back to full copy. This may lead to degraded performance.
         If the cache and target directories are on different filesystems, hardlinking may not be supported.
         If this is intentional, set `export UV_LINK_MODE=copy` or use `--link-mode=copy` to suppress this warning.
Installed 48 packages in 2.71s
 + accelerate==1.3.0
 + backoff==2.2.1
 + certifi==2026.7.22
 + cffi==2.1.0
 + charset-normalizer==3.4.9
 + filelock==3.32.0
 + fsspec==2026.6.0
 + hf-xet==1.5.2
 + huggingface-hub==0.36.2
 + idna==3.18
 + jinja2==3.1.6
 + markupsafe==3.0.3
 + mpmath==1.3.0
 + networkx==3.4.2
 + numpy==2.2.6
 + nvidia-cublas-cu12==12.4.5.8
 + nvidia-cuda-cupti-cu12==12.4.127
 + nvidia-cuda-nvrtc-cu12==12.4.127
 + nvidia-cuda-runtime-cu12==12.4.127
 + nvidia-cudnn-cu12==9.1.0.70
 + nvidia-cufft-cu12==11.2.1.3
 + nvidia-curand-cu12==10.3.5.147
 + nvidia-cusolver-cu12==11.6.1.9
 + nvidia-cusparse-cu12==12.3.1.170
 + nvidia-cusparselt-cu12==0.6.2
 + nvidia-nccl-cu12==2.21.5
 + nvidia-nvjitlink-cu12==12.4.127
 + nvidia-nvtx-cu12==12.4.127
 + packaging==26.2
 + peft==0.13.2
 + pillow==11.1.0
 + psutil==7.2.2
 + pycparser==3.0
 + pyyaml==6.0.3
 + regex==2026.7.19
 + requests==2.34.2
 + safetensors==0.8.0
 + scipy==1.15.2
 + soundfile==0.13.1
 + sympy==1.13.1
 + tokenizers==0.21.4
 + torch==2.6.0
 + torchvision==0.21.0
 + tqdm==4.69.0
 + transformers==4.48.2
 + triton==3.2.0
 + typing-extensions==4.16.0
 + urllib3==2.7.0
