Warning: You are sending unauthenticated requests to the HF Hub. Please set a HF_TOKEN to enable higher rate limits and faster downloads.
FlashAttention2 is not installed.
Loading weights:   0%|          | 0/685 [00:00<?, ?it/s]Loading weights:  80%|███████▉  | 545/685 [00:00<00:00, 5419.23it/s]Loading weights: 100%|██████████| 685/685 [00:00<00:00, 5536.84it/s]
[transformers] Setting `pad_token_id` to `eos_token_id`:151645 for open-end generation.
[transformers] Setting `pad_token_id` to `eos_token_id`:151645 for open-end generation.
[1/300] valid=0 correct=0 parse_failures=0
[transformers] Setting `pad_token_id` to `eos_token_id`:151645 for open-end generation.
[transformers] Setting `pad_token_id` to `eos_token_id`:151645 for open-end generation.
[2/300] valid=1 correct=1 parse_failures=0
[transformers] Setting `pad_token_id` to `eos_token_id`:151645 for open-end generation.
[transformers] Setting `pad_token_id` to `eos_token_id`:151645 for open-end generation.
[3/300] valid=1 correct=1 parse_failures=0
[transformers] Setting `pad_token_id` to `eos_token_id`:151645 for open-end generation.
[transformers] Setting `pad_token_id` to `eos_token_id`:151645 for open-end generation.
[4/300] valid=1 correct=1 parse_failures=2
[transformers] Setting `pad_token_id` to `eos_token_id`:151645 for open-end generation.
[transformers] Setting `pad_token_id` to `eos_token_id`:151645 for open-end generation.
[5/300] valid=2 correct=2 parse_failures=2
[transformers] Setting `pad_token_id` to `eos_token_id`:151645 for open-end generation.
[transformers] Setting `pad_token_id` to `eos_token_id`:151645 for open-end generation.
[6/300] valid=2 correct=2 parse_failures=2
[transformers] Setting `pad_token_id` to `eos_token_id`:151645 for open-end generation.
[transformers] Setting `pad_token_id` to `eos_token_id`:151645 for open-end generation.
[7/300] valid=2 correct=2 parse_failures=2
[transformers] Setting `pad_token_id` to `eos_token_id`:151645 for open-end generation.
[transformers] Setting `pad_token_id` to `eos_token_id`:151645 for open-end generation.
[8/300] valid=3 correct=2 parse_failures=2
[transformers] Setting `pad_token_id` to `eos_token_id`:151645 for open-end generation.
[transformers] Setting `pad_token_id` to `eos_token_id`:151645 for open-end generation.
[9/300] valid=3 correct=2 parse_failures=2
[transformers] Setting `pad_token_id` to `eos_token_id`:151645 for open-end generation.
[transformers] Setting `pad_token_id` to `eos_token_id`:151645 for open-end generation.
[10/300] valid=4 correct=3 parse_failures=2
[transformers] Setting `pad_token_id` to `eos_token_id`:151645 for open-end generation.
[transformers] Setting `pad_token_id` to `eos_token_id`:151645 for open-end generation.
[11/300] valid=5 correct=4 parse_failures=2
[transformers] Setting `pad_token_id` to `eos_token_id`:151645 for open-end generation.
[transformers] Setting `pad_token_id` to `eos_token_id`:151645 for open-end generation.
[12/300] valid=6 correct=5 parse_failures=2
[transformers] Setting `pad_token_id` to `eos_token_id`:151645 for open-end generation.
[transformers] Setting `pad_token_id` to `eos_token_id`:151645 for open-end generation.
[13/300] valid=7 correct=5 parse_failures=2
[transformers] Setting `pad_token_id` to `eos_token_id`:151645 for open-end generation.
[transformers] Setting `pad_token_id` to `eos_token_id`:151645 for open-end generation.
[14/300] valid=8 correct=5 parse_failures=2
[transformers] Setting `pad_token_id` to `eos_token_id`:151645 for open-end generation.
[transformers] Setting `pad_token_id` to `eos_token_id`:151645 for open-end generation.
[15/300] valid=8 correct=5 parse_failures=2
[transformers] Setting `pad_token_id` to `eos_token_id`:151645 for open-end generation.
[transformers] Setting `pad_token_id` to `eos_token_id`:151645 for open-end generation.
[16/300] valid=9 correct=6 parse_failures=2
[transformers] Setting `pad_token_id` to `eos_token_id`:151645 for open-end generation.
[transformers] Setting `pad_token_id` to `eos_token_id`:151645 for open-end generation.
[17/300] valid=9 correct=6 parse_failures=2
[transformers] Setting `pad_token_id` to `eos_token_id`:151645 for open-end generation.
[transformers] Setting `pad_token_id` to `eos_token_id`:151645 for open-end generation.
[18/300] valid=10 correct=6 parse_failures=2
[transformers] Setting `pad_token_id` to `eos_token_id`:151645 for open-end generation.
[transformers] Setting `pad_token_id` to `eos_token_id`:151645 for open-end generation.
[19/300] valid=11 correct=6 parse_failures=2
[transformers] Setting `pad_token_id` to `eos_token_id`:151645 for open-end generation.
[transformers] Setting `pad_token_id` to `eos_token_id`:151645 for open-end generation.
[20/300] valid=12 correct=7 parse_failures=2
[transformers] Setting `pad_token_id` to `eos_token_id`:151645 for open-end generation.
[transformers] Setting `pad_token_id` to `eos_token_id`:151645 for open-end generation.
[21/300] valid=13 correct=8 parse_failures=2
[transformers] Setting `pad_token_id` to `eos_token_id`:151645 for open-end generation.
[transformers] Setting `pad_token_id` to `eos_token_id`:151645 for open-end generation.
[22/300] valid=14 correct=8 parse_failures=2
[transformers] Setting `pad_token_id` to `eos_token_id`:151645 for open-end generation.
[transformers] Setting `pad_token_id` to `eos_token_id`:151645 for open-end generation.
[23/300] valid=15 correct=9 parse_failures=2
[transformers] Setting `pad_token_id` to `eos_token_id`:151645 for open-end generation.
[transformers] Setting `pad_token_id` to `eos_token_id`:151645 for open-end generation.
[24/300] valid=16 correct=9 parse_failures=2
[transformers] Setting `pad_token_id` to `eos_token_id`:151645 for open-end generation.
[transformers] Setting `pad_token_id` to `eos_token_id`:151645 for open-end generation.
[25/300] valid=17 correct=9 parse_failures=2
[transformers] Setting `pad_token_id` to `eos_token_id`:151645 for open-end generation.
[transformers] Setting `pad_token_id` to `eos_token_id`:151645 for open-end generation.
[26/300] valid=17 correct=9 parse_failures=2
[transformers] Setting `pad_token_id` to `eos_token_id`:151645 for open-end generation.
[transformers] Setting `pad_token_id` to `eos_token_id`:151645 for open-end generation.
[27/300] valid=17 correct=9 parse_failures=2
[transformers] Setting `pad_token_id` to `eos_token_id`:151645 for open-end generation.
[transformers] Setting `pad_token_id` to `eos_token_id`:151645 for open-end generation.
[28/300] valid=18 correct=9 parse_failures=2
[transformers] Setting `pad_token_id` to `eos_token_id`:151645 for open-end generation.
[transformers] Setting `pad_token_id` to `eos_token_id`:151645 for open-end generation.
[29/300] valid=19 correct=9 parse_failures=2
[transformers] Setting `pad_token_id` to `eos_token_id`:151645 for open-end generation.
[transformers] Setting `pad_token_id` to `eos_token_id`:151645 for open-end generation.
[30/300] valid=19 correct=9 parse_failures=2
[transformers] Setting `pad_token_id` to `eos_token_id`:151645 for open-end generation.
[transformers] Setting `pad_token_id` to `eos_token_id`:151645 for open-end generation.
[31/300] valid=20 correct=10 parse_failures=2
[transformers] Setting `pad_token_id` to `eos_token_id`:151645 for open-end generation.
[transformers] Setting `pad_token_id` to `eos_token_id`:151645 for open-end generation.
[32/300] valid=21 correct=11 parse_failures=2
[transformers] Setting `pad_token_id` to `eos_token_id`:151645 for open-end generation.
[transformers] Setting `pad_token_id` to `eos_token_id`:151645 for open-end generation.
[33/300] valid=21 correct=11 parse_failures=2
[transformers] Setting `pad_token_id` to `eos_token_id`:151645 for open-end generation.
[transformers] Setting `pad_token_id` to `eos_token_id`:151645 for open-end generation.
[34/300] valid=22 correct=12 parse_failures=2
[transformers] Setting `pad_token_id` to `eos_token_id`:151645 for open-end generation.
[transformers] Setting `pad_token_id` to `eos_token_id`:151645 for open-end generation.
[35/300] valid=23 correct=13 parse_failures=2
[transformers] Setting `pad_token_id` to `eos_token_id`:151645 for open-end generation.
[transformers] Setting `pad_token_id` to `eos_token_id`:151645 for open-end generation.
[36/300] valid=24 correct=14 parse_failures=2
[transformers] Setting `pad_token_id` to `eos_token_id`:151645 for open-end generation.
[transformers] Setting `pad_token_id` to `eos_token_id`:151645 for open-end generation.
[37/300] valid=25 correct=15 parse_failures=2
[transformers] Setting `pad_token_id` to `eos_token_id`:151645 for open-end generation.
[transformers] Setting `pad_token_id` to `eos_token_id`:151645 for open-end generation.
[38/300] valid=26 correct=16 parse_failures=2
[transformers] Setting `pad_token_id` to `eos_token_id`:151645 for open-end generation.
[transformers] Setting `pad_token_id` to `eos_token_id`:151645 for open-end generation.
[39/300] valid=27 correct=17 parse_failures=2
[transformers] Setting `pad_token_id` to `eos_token_id`:151645 for open-end generation.
[transformers] Setting `pad_token_id` to `eos_token_id`:151645 for open-end generation.
[40/300] valid=28 correct=17 parse_failures=2
[transformers] Setting `pad_token_id` to `eos_token_id`:151645 for open-end generation.
[transformers] Setting `pad_token_id` to `eos_token_id`:151645 for open-end generation.
[41/300] valid=29 correct=18 parse_failures=2
[transformers] Setting `pad_token_id` to `eos_token_id`:151645 for open-end generation.
[transformers] Setting `pad_token_id` to `eos_token_id`:151645 for open-end generation.
[42/300] valid=30 correct=19 parse_failures=2
[transformers] Setting `pad_token_id` to `eos_token_id`:151645 for open-end generation.
[transformers] Setting `pad_token_id` to `eos_token_id`:151645 for open-end generation.
[43/300] valid=31 correct=20 parse_failures=2
[transformers] Setting `pad_token_id` to `eos_token_id`:151645 for open-end generation.
[transformers] Setting `pad_token_id` to `eos_token_id`:151645 for open-end generation.
[44/300] valid=32 correct=20 parse_failures=2
[transformers] Setting `pad_token_id` to `eos_token_id`:151645 for open-end generation.
[transformers] Setting `pad_token_id` to `eos_token_id`:151645 for open-end generation.
[45/300] valid=33 correct=21 parse_failures=2
[transformers] Setting `pad_token_id` to `eos_token_id`:151645 for open-end generation.
[transformers] Setting `pad_token_id` to `eos_token_id`:151645 for open-end generation.
[46/300] valid=34 correct=21 parse_failures=2
[transformers] Setting `pad_token_id` to `eos_token_id`:151645 for open-end generation.
[transformers] Setting `pad_token_id` to `eos_token_id`:151645 for open-end generation.
[47/300] valid=35 correct=21 parse_failures=2
[transformers] Setting `pad_token_id` to `eos_token_id`:151645 for open-end generation.
[transformers] Setting `pad_token_id` to `eos_token_id`:151645 for open-end generation.
[48/300] valid=35 correct=21 parse_failures=2
[transformers] Setting `pad_token_id` to `eos_token_id`:151645 for open-end generation.
[transformers] Setting `pad_token_id` to `eos_token_id`:151645 for open-end generation.
[49/300] valid=35 correct=21 parse_failures=2
[transformers] Setting `pad_token_id` to `eos_token_id`:151645 for open-end generation.
[transformers] Setting `pad_token_id` to `eos_token_id`:151645 for open-end generation.
[50/300] valid=36 correct=22 parse_failures=2
[transformers] Setting `pad_token_id` to `eos_token_id`:151645 for open-end generation.
[transformers] Setting `pad_token_id` to `eos_token_id`:151645 for open-end generation.
[51/300] valid=37 correct=22 parse_failures=2
[transformers] Setting `pad_token_id` to `eos_token_id`:151645 for open-end generation.
[transformers] Setting `pad_token_id` to `eos_token_id`:151645 for open-end generation.
[52/300] valid=38 correct=22 parse_failures=2
[transformers] Setting `pad_token_id` to `eos_token_id`:151645 for open-end generation.
[transformers] Setting `pad_token_id` to `eos_token_id`:151645 for open-end generation.
[53/300] valid=38 correct=22 parse_failures=2
[transformers] Setting `pad_token_id` to `eos_token_id`:151645 for open-end generation.
[transformers] Setting `pad_token_id` to `eos_token_id`:151645 for open-end generation.
[54/300] valid=39 correct=22 parse_failures=2
[transformers] Setting `pad_token_id` to `eos_token_id`:151645 for open-end generation.
[transformers] Setting `pad_token_id` to `eos_token_id`:151645 for open-end generation.
[55/300] valid=39 correct=22 parse_failures=2
[transformers] Setting `pad_token_id` to `eos_token_id`:151645 for open-end generation.
[transformers] Setting `pad_token_id` to `eos_token_id`:151645 for open-end generation.
[56/300] valid=40 correct=23 parse_failures=2
[transformers] Setting `pad_token_id` to `eos_token_id`:151645 for open-end generation.
[transformers] Setting `pad_token_id` to `eos_token_id`:151645 for open-end generation.
[57/300] valid=41 correct=23 parse_failures=2
[transformers] Setting `pad_token_id` to `eos_token_id`:151645 for open-end generation.
[transformers] Setting `pad_token_id` to `eos_token_id`:151645 for open-end generation.
[58/300] valid=42 correct=24 parse_failures=2
[transformers] Setting `pad_token_id` to `eos_token_id`:151645 for open-end generation.
[transformers] Setting `pad_token_id` to `eos_token_id`:151645 for open-end generation.
[59/300] valid=43 correct=24 parse_failures=2
[transformers] Setting `pad_token_id` to `eos_token_id`:151645 for open-end generation.
[transformers] Setting `pad_token_id` to `eos_token_id`:151645 for open-end generation.
[60/300] valid=43 correct=24 parse_failures=2
[transformers] Setting `pad_token_id` to `eos_token_id`:151645 for open-end generation.
[transformers] Setting `pad_token_id` to `eos_token_id`:151645 for open-end generation.
[61/300] valid=44 correct=24 parse_failures=2
[transformers] Setting `pad_token_id` to `eos_token_id`:151645 for open-end generation.
[transformers] Setting `pad_token_id` to `eos_token_id`:151645 for open-end generation.
[62/300] valid=45 correct=24 parse_failures=2
[transformers] Setting `pad_token_id` to `eos_token_id`:151645 for open-end generation.
[transformers] Setting `pad_token_id` to `eos_token_id`:151645 for open-end generation.
[63/300] valid=46 correct=25 parse_failures=2
[transformers] Setting `pad_token_id` to `eos_token_id`:151645 for open-end generation.
[transformers] Setting `pad_token_id` to `eos_token_id`:151645 for open-end generation.
[64/300] valid=46 correct=25 parse_failures=2
[transformers] Setting `pad_token_id` to `eos_token_id`:151645 for open-end generation.
[transformers] Setting `pad_token_id` to `eos_token_id`:151645 for open-end generation.
[65/300] valid=47 correct=26 parse_failures=2
[transformers] Setting `pad_token_id` to `eos_token_id`:151645 for open-end generation.
[transformers] Setting `pad_token_id` to `eos_token_id`:151645 for open-end generation.
[66/300] valid=48 correct=26 parse_failures=2
[transformers] Setting `pad_token_id` to `eos_token_id`:151645 for open-end generation.
[transformers] Setting `pad_token_id` to `eos_token_id`:151645 for open-end generation.
[67/300] valid=48 correct=26 parse_failures=2
[transformers] Setting `pad_token_id` to `eos_token_id`:151645 for open-end generation.
[transformers] Setting `pad_token_id` to `eos_token_id`:151645 for open-end generation.
[68/300] valid=48 correct=26 parse_failures=2
[transformers] Setting `pad_token_id` to `eos_token_id`:151645 for open-end generation.
[transformers] Setting `pad_token_id` to `eos_token_id`:151645 for open-end generation.
[69/300] valid=48 correct=26 parse_failures=2
[transformers] Setting `pad_token_id` to `eos_token_id`:151645 for open-end generation.
[transformers] Setting `pad_token_id` to `eos_token_id`:151645 for open-end generation.
[70/300] valid=48 correct=26 parse_failures=2
[transformers] Setting `pad_token_id` to `eos_token_id`:151645 for open-end generation.
[transformers] Setting `pad_token_id` to `eos_token_id`:151645 for open-end generation.
[71/300] valid=49 correct=27 parse_failures=2
[transformers] Setting `pad_token_id` to `eos_token_id`:151645 for open-end generation.
[transformers] Setting `pad_token_id` to `eos_token_id`:151645 for open-end generation.
[72/300] valid=49 correct=27 parse_failures=2
[transformers] Setting `pad_token_id` to `eos_token_id`:151645 for open-end generation.
[transformers] Setting `pad_token_id` to `eos_token_id`:151645 for open-end generation.
[73/300] valid=50 correct=27 parse_failures=2
[transformers] Setting `pad_token_id` to `eos_token_id`:151645 for open-end generation.
[transformers] Setting `pad_token_id` to `eos_token_id`:151645 for open-end generation.
[74/300] valid=50 correct=27 parse_failures=2
[transformers] Setting `pad_token_id` to `eos_token_id`:151645 for open-end generation.
[transformers] Setting `pad_token_id` to `eos_token_id`:151645 for open-end generation.
[75/300] valid=51 correct=28 parse_failures=2
[transformers] Setting `pad_token_id` to `eos_token_id`:151645 for open-end generation.
[transformers] Setting `pad_token_id` to `eos_token_id`:151645 for open-end generation.
[76/300] valid=52 correct=28 parse_failures=2
[transformers] Setting `pad_token_id` to `eos_token_id`:151645 for open-end generation.
[transformers] Setting `pad_token_id` to `eos_token_id`:151645 for open-end generation.
[77/300] valid=53 correct=29 parse_failures=2
[transformers] Setting `pad_token_id` to `eos_token_id`:151645 for open-end generation.
[transformers] Setting `pad_token_id` to `eos_token_id`:151645 for open-end generation.
[78/300] valid=54 correct=30 parse_failures=2
[transformers] Setting `pad_token_id` to `eos_token_id`:151645 for open-end generation.
[transformers] Setting `pad_token_id` to `eos_token_id`:151645 for open-end generation.
[79/300] valid=55 correct=31 parse_failures=2
[transformers] Setting `pad_token_id` to `eos_token_id`:151645 for open-end generation.
[transformers] Setting `pad_token_id` to `eos_token_id`:151645 for open-end generation.
[80/300] valid=56 correct=32 parse_failures=2
[transformers] Setting `pad_token_id` to `eos_token_id`:151645 for open-end generation.
[transformers] Setting `pad_token_id` to `eos_token_id`:151645 for open-end generation.
[81/300] valid=57 correct=32 parse_failures=2
[transformers] Setting `pad_token_id` to `eos_token_id`:151645 for open-end generation.
[transformers] Setting `pad_token_id` to `eos_token_id`:151645 for open-end generation.
[82/300] valid=57 correct=32 parse_failures=2
[transformers] Setting `pad_token_id` to `eos_token_id`:151645 for open-end generation.
[transformers] Setting `pad_token_id` to `eos_token_id`:151645 for open-end generation.
[83/300] valid=58 correct=32 parse_failures=2
[transformers] Setting `pad_token_id` to `eos_token_id`:151645 for open-end generation.
[transformers] Setting `pad_token_id` to `eos_token_id`:151645 for open-end generation.
[84/300] valid=58 correct=32 parse_failures=2
[transformers] Setting `pad_token_id` to `eos_token_id`:151645 for open-end generation.
[transformers] Setting `pad_token_id` to `eos_token_id`:151645 for open-end generation.
[85/300] valid=59 correct=32 parse_failures=2
[transformers] Setting `pad_token_id` to `eos_token_id`:151645 for open-end generation.
[transformers] Setting `pad_token_id` to `eos_token_id`:151645 for open-end generation.
[86/300] valid=59 correct=32 parse_failures=2
[transformers] Setting `pad_token_id` to `eos_token_id`:151645 for open-end generation.
[transformers] Setting `pad_token_id` to `eos_token_id`:151645 for open-end generation.
[87/300] valid=59 correct=32 parse_failures=2
[transformers] Setting `pad_token_id` to `eos_token_id`:151645 for open-end generation.
[transformers] Setting `pad_token_id` to `eos_token_id`:151645 for open-end generation.
[88/300] valid=60 correct=32 parse_failures=2
[transformers] Setting `pad_token_id` to `eos_token_id`:151645 for open-end generation.
[transformers] Setting `pad_token_id` to `eos_token_id`:151645 for open-end generation.
[89/300] valid=60 correct=32 parse_failures=2
[transformers] Setting `pad_token_id` to `eos_token_id`:151645 for open-end generation.
[transformers] Setting `pad_token_id` to `eos_token_id`:151645 for open-end generation.
[90/300] valid=60 correct=32 parse_failures=2
[transformers] Setting `pad_token_id` to `eos_token_id`:151645 for open-end generation.
[transformers] Setting `pad_token_id` to `eos_token_id`:151645 for open-end generation.
[91/300] valid=60 correct=32 parse_failures=2
[transformers] Setting `pad_token_id` to `eos_token_id`:151645 for open-end generation.
[transformers] Setting `pad_token_id` to `eos_token_id`:151645 for open-end generation.
[92/300] valid=61 correct=33 parse_failures=2
[transformers] Setting `pad_token_id` to `eos_token_id`:151645 for open-end generation.
[transformers] Setting `pad_token_id` to `eos_token_id`:151645 for open-end generation.
[93/300] valid=62 correct=34 parse_failures=2
[transformers] Setting `pad_token_id` to `eos_token_id`:151645 for open-end generation.
[transformers] Setting `pad_token_id` to `eos_token_id`:151645 for open-end generation.
[94/300] valid=63 correct=34 parse_failures=2
[transformers] Setting `pad_token_id` to `eos_token_id`:151645 for open-end generation.
[transformers] Setting `pad_token_id` to `eos_token_id`:151645 for open-end generation.
[95/300] valid=64 correct=34 parse_failures=2
[transformers] Setting `pad_token_id` to `eos_token_id`:151645 for open-end generation.
[transformers] Setting `pad_token_id` to `eos_token_id`:151645 for open-end generation.
[96/300] valid=65 correct=34 parse_failures=2
[transformers] Setting `pad_token_id` to `eos_token_id`:151645 for open-end generation.
[transformers] Setting `pad_token_id` to `eos_token_id`:151645 for open-end generation.
[97/300] valid=65 correct=34 parse_failures=2
[transformers] Setting `pad_token_id` to `eos_token_id`:151645 for open-end generation.
[transformers] Setting `pad_token_id` to `eos_token_id`:151645 for open-end generation.
[98/300] valid=66 correct=35 parse_failures=2
[transformers] Setting `pad_token_id` to `eos_token_id`:151645 for open-end generation.
[transformers] Setting `pad_token_id` to `eos_token_id`:151645 for open-end generation.
[99/300] valid=67 correct=36 parse_failures=2
[transformers] Setting `pad_token_id` to `eos_token_id`:151645 for open-end generation.
[transformers] Setting `pad_token_id` to `eos_token_id`:151645 for open-end generation.
[100/300] valid=68 correct=36 parse_failures=2
[transformers] Setting `pad_token_id` to `eos_token_id`:151645 for open-end generation.
[transformers] Setting `pad_token_id` to `eos_token_id`:151645 for open-end generation.
[101/300] valid=69 correct=37 parse_failures=2
[transformers] Setting `pad_token_id` to `eos_token_id`:151645 for open-end generation.
[transformers] Setting `pad_token_id` to `eos_token_id`:151645 for open-end generation.
[102/300] valid=70 correct=37 parse_failures=2
[transformers] Setting `pad_token_id` to `eos_token_id`:151645 for open-end generation.
[transformers] Setting `pad_token_id` to `eos_token_id`:151645 for open-end generation.
[103/300] valid=71 correct=37 parse_failures=2
[transformers] Setting `pad_token_id` to `eos_token_id`:151645 for open-end generation.
[transformers] Setting `pad_token_id` to `eos_token_id`:151645 for open-end generation.
[104/300] valid=71 correct=37 parse_failures=2
[transformers] Setting `pad_token_id` to `eos_token_id`:151645 for open-end generation.
[transformers] Setting `pad_token_id` to `eos_token_id`:151645 for open-end generation.
[105/300] valid=72 correct=38 parse_failures=2
[transformers] Setting `pad_token_id` to `eos_token_id`:151645 for open-end generation.
[transformers] Setting `pad_token_id` to `eos_token_id`:151645 for open-end generation.
[106/300] valid=73 correct=39 parse_failures=2
[transformers] Setting `pad_token_id` to `eos_token_id`:151645 for open-end generation.
[transformers] Setting `pad_token_id` to `eos_token_id`:151645 for open-end generation.
[107/300] valid=74 correct=40 parse_failures=2
[transformers] Setting `pad_token_id` to `eos_token_id`:151645 for open-end generation.
[transformers] Setting `pad_token_id` to `eos_token_id`:151645 for open-end generation.
[108/300] valid=74 correct=40 parse_failures=2
[transformers] Setting `pad_token_id` to `eos_token_id`:151645 for open-end generation.
[transformers] Setting `pad_token_id` to `eos_token_id`:151645 for open-end generation.
[109/300] valid=75 correct=41 parse_failures=2
[transformers] Setting `pad_token_id` to `eos_token_id`:151645 for open-end generation.
[transformers] Setting `pad_token_id` to `eos_token_id`:151645 for open-end generation.
[110/300] valid=76 correct=42 parse_failures=2
[transformers] Setting `pad_token_id` to `eos_token_id`:151645 for open-end generation.
[transformers] Setting `pad_token_id` to `eos_token_id`:151645 for open-end generation.
[111/300] valid=77 correct=43 parse_failures=2
[transformers] Setting `pad_token_id` to `eos_token_id`:151645 for open-end generation.
[transformers] Setting `pad_token_id` to `eos_token_id`:151645 for open-end generation.
[112/300] valid=78 correct=44 parse_failures=2
[transformers] Setting `pad_token_id` to `eos_token_id`:151645 for open-end generation.
[transformers] Setting `pad_token_id` to `eos_token_id`:151645 for open-end generation.
[113/300] valid=78 correct=44 parse_failures=2
[transformers] Setting `pad_token_id` to `eos_token_id`:151645 for open-end generation.
[transformers] Setting `pad_token_id` to `eos_token_id`:151645 for open-end generation.
[114/300] valid=79 correct=45 parse_failures=2
[transformers] Setting `pad_token_id` to `eos_token_id`:151645 for open-end generation.
[transformers] Setting `pad_token_id` to `eos_token_id`:151645 for open-end generation.
[115/300] valid=80 correct=46 parse_failures=2
[transformers] Setting `pad_token_id` to `eos_token_id`:151645 for open-end generation.
[transformers] Setting `pad_token_id` to `eos_token_id`:151645 for open-end generation.
[116/300] valid=81 correct=47 parse_failures=2
[transformers] Setting `pad_token_id` to `eos_token_id`:151645 for open-end generation.
[transformers] Setting `pad_token_id` to `eos_token_id`:151645 for open-end generation.
[117/300] valid=82 correct=48 parse_failures=2
[transformers] Setting `pad_token_id` to `eos_token_id`:151645 for open-end generation.
[transformers] Setting `pad_token_id` to `eos_token_id`:151645 for open-end generation.
[118/300] valid=82 correct=48 parse_failures=2
[transformers] Setting `pad_token_id` to `eos_token_id`:151645 for open-end generation.
[transformers] Setting `pad_token_id` to `eos_token_id`:151645 for open-end generation.
[119/300] valid=82 correct=48 parse_failures=2
[transformers] Setting `pad_token_id` to `eos_token_id`:151645 for open-end generation.
[transformers] Setting `pad_token_id` to `eos_token_id`:151645 for open-end generation.
[120/300] valid=82 correct=48 parse_failures=2
[transformers] Setting `pad_token_id` to `eos_token_id`:151645 for open-end generation.
[transformers] Setting `pad_token_id` to `eos_token_id`:151645 for open-end generation.
[121/300] valid=83 correct=48 parse_failures=2
[transformers] Setting `pad_token_id` to `eos_token_id`:151645 for open-end generation.
[transformers] Setting `pad_token_id` to `eos_token_id`:151645 for open-end generation.
[122/300] valid=83 correct=48 parse_failures=2
[transformers] Setting `pad_token_id` to `eos_token_id`:151645 for open-end generation.
[transformers] Setting `pad_token_id` to `eos_token_id`:151645 for open-end generation.
[123/300] valid=84 correct=49 parse_failures=2
[transformers] Setting `pad_token_id` to `eos_token_id`:151645 for open-end generation.
[transformers] Setting `pad_token_id` to `eos_token_id`:151645 for open-end generation.
[124/300] valid=85 correct=50 parse_failures=2
[transformers] Setting `pad_token_id` to `eos_token_id`:151645 for open-end generation.
[transformers] Setting `pad_token_id` to `eos_token_id`:151645 for open-end generation.
[125/300] valid=86 correct=51 parse_failures=2
[transformers] Setting `pad_token_id` to `eos_token_id`:151645 for open-end generation.
[transformers] Setting `pad_token_id` to `eos_token_id`:151645 for open-end generation.
[126/300] valid=87 correct=51 parse_failures=2
[transformers] Setting `pad_token_id` to `eos_token_id`:151645 for open-end generation.
[transformers] Setting `pad_token_id` to `eos_token_id`:151645 for open-end generation.
[127/300] valid=88 correct=52 parse_failures=2
[transformers] Setting `pad_token_id` to `eos_token_id`:151645 for open-end generation.
[transformers] Setting `pad_token_id` to `eos_token_id`:151645 for open-end generation.
[128/300] valid=88 correct=52 parse_failures=2
[transformers] Setting `pad_token_id` to `eos_token_id`:151645 for open-end generation.
[transformers] Setting `pad_token_id` to `eos_token_id`:151645 for open-end generation.
[129/300] valid=89 correct=53 parse_failures=2
[transformers] Setting `pad_token_id` to `eos_token_id`:151645 for open-end generation.
[transformers] Setting `pad_token_id` to `eos_token_id`:151645 for open-end generation.
[130/300] valid=90 correct=53 parse_failures=2
[transformers] Setting `pad_token_id` to `eos_token_id`:151645 for open-end generation.
[transformers] Setting `pad_token_id` to `eos_token_id`:151645 for open-end generation.
[131/300] valid=91 correct=53 parse_failures=2
[transformers] Setting `pad_token_id` to `eos_token_id`:151645 for open-end generation.
[transformers] Setting `pad_token_id` to `eos_token_id`:151645 for open-end generation.
[132/300] valid=92 correct=54 parse_failures=2
[transformers] Setting `pad_token_id` to `eos_token_id`:151645 for open-end generation.
[transformers] Setting `pad_token_id` to `eos_token_id`:151645 for open-end generation.
[133/300] valid=93 correct=54 parse_failures=2
[transformers] Setting `pad_token_id` to `eos_token_id`:151645 for open-end generation.
[transformers] Setting `pad_token_id` to `eos_token_id`:151645 for open-end generation.
[134/300] valid=93 correct=54 parse_failures=2
[transformers] Setting `pad_token_id` to `eos_token_id`:151645 for open-end generation.
[transformers] Setting `pad_token_id` to `eos_token_id`:151645 for open-end generation.
[135/300] valid=93 correct=54 parse_failures=2
[transformers] Setting `pad_token_id` to `eos_token_id`:151645 for open-end generation.
[transformers] Setting `pad_token_id` to `eos_token_id`:151645 for open-end generation.
[136/300] valid=94 correct=55 parse_failures=2
[transformers] Setting `pad_token_id` to `eos_token_id`:151645 for open-end generation.
[transformers] Setting `pad_token_id` to `eos_token_id`:151645 for open-end generation.
[137/300] valid=94 correct=55 parse_failures=2
[transformers] Setting `pad_token_id` to `eos_token_id`:151645 for open-end generation.
[transformers] Setting `pad_token_id` to `eos_token_id`:151645 for open-end generation.
[138/300] valid=94 correct=55 parse_failures=2
[transformers] Setting `pad_token_id` to `eos_token_id`:151645 for open-end generation.
[transformers] Setting `pad_token_id` to `eos_token_id`:151645 for open-end generation.
[139/300] valid=94 correct=55 parse_failures=2
[transformers] Setting `pad_token_id` to `eos_token_id`:151645 for open-end generation.
[transformers] Setting `pad_token_id` to `eos_token_id`:151645 for open-end generation.
[140/300] valid=95 correct=56 parse_failures=2
[transformers] Setting `pad_token_id` to `eos_token_id`:151645 for open-end generation.
[transformers] Setting `pad_token_id` to `eos_token_id`:151645 for open-end generation.
[141/300] valid=96 correct=56 parse_failures=2
[transformers] Setting `pad_token_id` to `eos_token_id`:151645 for open-end generation.
[transformers] Setting `pad_token_id` to `eos_token_id`:151645 for open-end generation.
[142/300] valid=97 correct=56 parse_failures=2
[transformers] Setting `pad_token_id` to `eos_token_id`:151645 for open-end generation.
[transformers] Setting `pad_token_id` to `eos_token_id`:151645 for open-end generation.
[143/300] valid=98 correct=57 parse_failures=2
[transformers] Setting `pad_token_id` to `eos_token_id`:151645 for open-end generation.
[transformers] Setting `pad_token_id` to `eos_token_id`:151645 for open-end generation.
[144/300] valid=98 correct=57 parse_failures=2
[transformers] Setting `pad_token_id` to `eos_token_id`:151645 for open-end generation.
[transformers] Setting `pad_token_id` to `eos_token_id`:151645 for open-end generation.
[145/300] valid=99 correct=57 parse_failures=2
[transformers] Setting `pad_token_id` to `eos_token_id`:151645 for open-end generation.
[transformers] Setting `pad_token_id` to `eos_token_id`:151645 for open-end generation.
[146/300] valid=99 correct=57 parse_failures=2
[transformers] Setting `pad_token_id` to `eos_token_id`:151645 for open-end generation.
[transformers] Setting `pad_token_id` to `eos_token_id`:151645 for open-end generation.
[147/300] valid=99 correct=57 parse_failures=2
[transformers] Setting `pad_token_id` to `eos_token_id`:151645 for open-end generation.
[transformers] Setting `pad_token_id` to `eos_token_id`:151645 for open-end generation.
[148/300] valid=99 correct=57 parse_failures=2
[transformers] Setting `pad_token_id` to `eos_token_id`:151645 for open-end generation.
[transformers] Setting `pad_token_id` to `eos_token_id`:151645 for open-end generation.
[149/300] valid=100 correct=57 parse_failures=2
[transformers] Setting `pad_token_id` to `eos_token_id`:151645 for open-end generation.
[transformers] Setting `pad_token_id` to `eos_token_id`:151645 for open-end generation.
[150/300] valid=100 correct=57 parse_failures=2
[transformers] Setting `pad_token_id` to `eos_token_id`:151645 for open-end generation.
[transformers] Setting `pad_token_id` to `eos_token_id`:151645 for open-end generation.
[151/300] valid=101 correct=57 parse_failures=2
[transformers] Setting `pad_token_id` to `eos_token_id`:151645 for open-end generation.
[transformers] Setting `pad_token_id` to `eos_token_id`:151645 for open-end generation.
[152/300] valid=102 correct=57 parse_failures=2
[transformers] Setting `pad_token_id` to `eos_token_id`:151645 for open-end generation.
[transformers] Setting `pad_token_id` to `eos_token_id`:151645 for open-end generation.
[153/300] valid=103 correct=57 parse_failures=2
[transformers] Setting `pad_token_id` to `eos_token_id`:151645 for open-end generation.
[transformers] Setting `pad_token_id` to `eos_token_id`:151645 for open-end generation.
[154/300] valid=104 correct=58 parse_failures=2
[transformers] Setting `pad_token_id` to `eos_token_id`:151645 for open-end generation.
[transformers] Setting `pad_token_id` to `eos_token_id`:151645 for open-end generation.
[155/300] valid=104 correct=58 parse_failures=2
[transformers] Setting `pad_token_id` to `eos_token_id`:151645 for open-end generation.
[transformers] Setting `pad_token_id` to `eos_token_id`:151645 for open-end generation.
[156/300] valid=105 correct=58 parse_failures=2
[transformers] Setting `pad_token_id` to `eos_token_id`:151645 for open-end generation.
[transformers] Setting `pad_token_id` to `eos_token_id`:151645 for open-end generation.
[157/300] valid=105 correct=58 parse_failures=2
[transformers] Setting `pad_token_id` to `eos_token_id`:151645 for open-end generation.
[transformers] Setting `pad_token_id` to `eos_token_id`:151645 for open-end generation.
[158/300] valid=106 correct=59 parse_failures=2
[transformers] Setting `pad_token_id` to `eos_token_id`:151645 for open-end generation.
[transformers] Setting `pad_token_id` to `eos_token_id`:151645 for open-end generation.
[159/300] valid=107 correct=59 parse_failures=2
[transformers] Setting `pad_token_id` to `eos_token_id`:151645 for open-end generation.
[transformers] Setting `pad_token_id` to `eos_token_id`:151645 for open-end generation.
[160/300] valid=108 correct=59 parse_failures=2
[transformers] Setting `pad_token_id` to `eos_token_id`:151645 for open-end generation.
[transformers] Setting `pad_token_id` to `eos_token_id`:151645 for open-end generation.
[161/300] valid=109 correct=59 parse_failures=2
[transformers] Setting `pad_token_id` to `eos_token_id`:151645 for open-end generation.
[transformers] Setting `pad_token_id` to `eos_token_id`:151645 for open-end generation.
[162/300] valid=110 correct=60 parse_failures=2
[transformers] Setting `pad_token_id` to `eos_token_id`:151645 for open-end generation.
[transformers] Setting `pad_token_id` to `eos_token_id`:151645 for open-end generation.
[163/300] valid=111 correct=61 parse_failures=2
[transformers] Setting `pad_token_id` to `eos_token_id`:151645 for open-end generation.
[transformers] Setting `pad_token_id` to `eos_token_id`:151645 for open-end generation.
[164/300] valid=112 correct=61 parse_failures=2
[transformers] Setting `pad_token_id` to `eos_token_id`:151645 for open-end generation.
[transformers] Setting `pad_token_id` to `eos_token_id`:151645 for open-end generation.
[165/300] valid=112 correct=61 parse_failures=2
[transformers] Setting `pad_token_id` to `eos_token_id`:151645 for open-end generation.
[transformers] Setting `pad_token_id` to `eos_token_id`:151645 for open-end generation.
[166/300] valid=113 correct=62 parse_failures=2
[transformers] Setting `pad_token_id` to `eos_token_id`:151645 for open-end generation.
[transformers] Setting `pad_token_id` to `eos_token_id`:151645 for open-end generation.
[167/300] valid=114 correct=62 parse_failures=2
[transformers] Setting `pad_token_id` to `eos_token_id`:151645 for open-end generation.
[transformers] Setting `pad_token_id` to `eos_token_id`:151645 for open-end generation.
[168/300] valid=115 correct=63 parse_failures=2
[transformers] Setting `pad_token_id` to `eos_token_id`:151645 for open-end generation.
[transformers] Setting `pad_token_id` to `eos_token_id`:151645 for open-end generation.
[169/300] valid=116 correct=64 parse_failures=2
[transformers] Setting `pad_token_id` to `eos_token_id`:151645 for open-end generation.
[transformers] Setting `pad_token_id` to `eos_token_id`:151645 for open-end generation.
[170/300] valid=116 correct=64 parse_failures=2
[transformers] Setting `pad_token_id` to `eos_token_id`:151645 for open-end generation.
[transformers] Setting `pad_token_id` to `eos_token_id`:151645 for open-end generation.
[171/300] valid=116 correct=64 parse_failures=2
[transformers] Setting `pad_token_id` to `eos_token_id`:151645 for open-end generation.
[transformers] Setting `pad_token_id` to `eos_token_id`:151645 for open-end generation.
[172/300] valid=117 correct=64 parse_failures=2
[transformers] Setting `pad_token_id` to `eos_token_id`:151645 for open-end generation.
[transformers] Setting `pad_token_id` to `eos_token_id`:151645 for open-end generation.
[173/300] valid=118 correct=65 parse_failures=2
[transformers] Setting `pad_token_id` to `eos_token_id`:151645 for open-end generation.
[transformers] Setting `pad_token_id` to `eos_token_id`:151645 for open-end generation.
[174/300] valid=118 correct=65 parse_failures=2
[transformers] Setting `pad_token_id` to `eos_token_id`:151645 for open-end generation.
[transformers] Setting `pad_token_id` to `eos_token_id`:151645 for open-end generation.
[175/300] valid=119 correct=66 parse_failures=2
[transformers] Setting `pad_token_id` to `eos_token_id`:151645 for open-end generation.
[transformers] Setting `pad_token_id` to `eos_token_id`:151645 for open-end generation.
[176/300] valid=120 correct=67 parse_failures=2
[transformers] Setting `pad_token_id` to `eos_token_id`:151645 for open-end generation.
[transformers] Setting `pad_token_id` to `eos_token_id`:151645 for open-end generation.
[177/300] valid=120 correct=67 parse_failures=2
[transformers] Setting `pad_token_id` to `eos_token_id`:151645 for open-end generation.
[transformers] Setting `pad_token_id` to `eos_token_id`:151645 for open-end generation.
[178/300] valid=121 correct=68 parse_failures=2
[transformers] Setting `pad_token_id` to `eos_token_id`:151645 for open-end generation.
[transformers] Setting `pad_token_id` to `eos_token_id`:151645 for open-end generation.
[179/300] valid=122 correct=69 parse_failures=2
[transformers] Setting `pad_token_id` to `eos_token_id`:151645 for open-end generation.
[transformers] Setting `pad_token_id` to `eos_token_id`:151645 for open-end generation.
[180/300] valid=123 correct=70 parse_failures=2
[transformers] Setting `pad_token_id` to `eos_token_id`:151645 for open-end generation.
[transformers] Setting `pad_token_id` to `eos_token_id`:151645 for open-end generation.
[181/300] valid=123 correct=70 parse_failures=2
[transformers] Setting `pad_token_id` to `eos_token_id`:151645 for open-end generation.
[transformers] Setting `pad_token_id` to `eos_token_id`:151645 for open-end generation.
[182/300] valid=123 correct=70 parse_failures=2
[transformers] Setting `pad_token_id` to `eos_token_id`:151645 for open-end generation.
[transformers] Setting `pad_token_id` to `eos_token_id`:151645 for open-end generation.
[183/300] valid=123 correct=70 parse_failures=2
[transformers] Setting `pad_token_id` to `eos_token_id`:151645 for open-end generation.
[transformers] Setting `pad_token_id` to `eos_token_id`:151645 for open-end generation.
[184/300] valid=124 correct=71 parse_failures=2
[transformers] Setting `pad_token_id` to `eos_token_id`:151645 for open-end generation.
[transformers] Setting `pad_token_id` to `eos_token_id`:151645 for open-end generation.
[185/300] valid=125 correct=71 parse_failures=2
[transformers] Setting `pad_token_id` to `eos_token_id`:151645 for open-end generation.
[transformers] Setting `pad_token_id` to `eos_token_id`:151645 for open-end generation.
[186/300] valid=125 correct=71 parse_failures=2
[transformers] Setting `pad_token_id` to `eos_token_id`:151645 for open-end generation.
[transformers] Setting `pad_token_id` to `eos_token_id`:151645 for open-end generation.
[187/300] valid=125 correct=71 parse_failures=2
[transformers] Setting `pad_token_id` to `eos_token_id`:151645 for open-end generation.
[transformers] Setting `pad_token_id` to `eos_token_id`:151645 for open-end generation.
[188/300] valid=126 correct=72 parse_failures=2
[transformers] Setting `pad_token_id` to `eos_token_id`:151645 for open-end generation.
[transformers] Setting `pad_token_id` to `eos_token_id`:151645 for open-end generation.
[189/300] valid=127 correct=72 parse_failures=2
[transformers] Setting `pad_token_id` to `eos_token_id`:151645 for open-end generation.
[transformers] Setting `pad_token_id` to `eos_token_id`:151645 for open-end generation.
[190/300] valid=128 correct=73 parse_failures=2
[transformers] Setting `pad_token_id` to `eos_token_id`:151645 for open-end generation.
[transformers] Setting `pad_token_id` to `eos_token_id`:151645 for open-end generation.
[191/300] valid=128 correct=73 parse_failures=2
[transformers] Setting `pad_token_id` to `eos_token_id`:151645 for open-end generation.
[transformers] Setting `pad_token_id` to `eos_token_id`:151645 for open-end generation.
[192/300] valid=129 correct=74 parse_failures=2
[transformers] Setting `pad_token_id` to `eos_token_id`:151645 for open-end generation.
[transformers] Setting `pad_token_id` to `eos_token_id`:151645 for open-end generation.
[193/300] valid=130 correct=74 parse_failures=2
[transformers] Setting `pad_token_id` to `eos_token_id`:151645 for open-end generation.
[transformers] Setting `pad_token_id` to `eos_token_id`:151645 for open-end generation.
[194/300] valid=130 correct=74 parse_failures=2
[transformers] Setting `pad_token_id` to `eos_token_id`:151645 for open-end generation.
[transformers] Setting `pad_token_id` to `eos_token_id`:151645 for open-end generation.
[195/300] valid=130 correct=74 parse_failures=2
[transformers] Setting `pad_token_id` to `eos_token_id`:151645 for open-end generation.
[transformers] Setting `pad_token_id` to `eos_token_id`:151645 for open-end generation.
[196/300] valid=131 correct=74 parse_failures=2
[transformers] Setting `pad_token_id` to `eos_token_id`:151645 for open-end generation.
[transformers] Setting `pad_token_id` to `eos_token_id`:151645 for open-end generation.
[197/300] valid=132 correct=75 parse_failures=2
[transformers] Setting `pad_token_id` to `eos_token_id`:151645 for open-end generation.
[transformers] Setting `pad_token_id` to `eos_token_id`:151645 for open-end generation.
[198/300] valid=132 correct=75 parse_failures=2
[transformers] Setting `pad_token_id` to `eos_token_id`:151645 for open-end generation.
[transformers] Setting `pad_token_id` to `eos_token_id`:151645 for open-end generation.
[199/300] valid=132 correct=75 parse_failures=2
[transformers] Setting `pad_token_id` to `eos_token_id`:151645 for open-end generation.
[transformers] Setting `pad_token_id` to `eos_token_id`:151645 for open-end generation.
[200/300] valid=133 correct=76 parse_failures=2
[transformers] Setting `pad_token_id` to `eos_token_id`:151645 for open-end generation.
[transformers] Setting `pad_token_id` to `eos_token_id`:151645 for open-end generation.
[201/300] valid=134 correct=77 parse_failures=2
[transformers] Setting `pad_token_id` to `eos_token_id`:151645 for open-end generation.
[transformers] Setting `pad_token_id` to `eos_token_id`:151645 for open-end generation.
[202/300] valid=135 correct=77 parse_failures=2
[transformers] Setting `pad_token_id` to `eos_token_id`:151645 for open-end generation.
[transformers] Setting `pad_token_id` to `eos_token_id`:151645 for open-end generation.
[203/300] valid=136 correct=77 parse_failures=2
[transformers] Setting `pad_token_id` to `eos_token_id`:151645 for open-end generation.
[transformers] Setting `pad_token_id` to `eos_token_id`:151645 for open-end generation.
[204/300] valid=136 correct=77 parse_failures=2
[transformers] Setting `pad_token_id` to `eos_token_id`:151645 for open-end generation.
[transformers] Setting `pad_token_id` to `eos_token_id`:151645 for open-end generation.
[205/300] valid=137 correct=78 parse_failures=2
[transformers] Setting `pad_token_id` to `eos_token_id`:151645 for open-end generation.
[transformers] Setting `pad_token_id` to `eos_token_id`:151645 for open-end generation.
[206/300] valid=138 correct=79 parse_failures=2
[transformers] Setting `pad_token_id` to `eos_token_id`:151645 for open-end generation.
[transformers] Setting `pad_token_id` to `eos_token_id`:151645 for open-end generation.
[207/300] valid=139 correct=80 parse_failures=2
[transformers] Setting `pad_token_id` to `eos_token_id`:151645 for open-end generation.
[transformers] Setting `pad_token_id` to `eos_token_id`:151645 for open-end generation.
[208/300] valid=140 correct=80 parse_failures=2
[transformers] Setting `pad_token_id` to `eos_token_id`:151645 for open-end generation.
[transformers] Setting `pad_token_id` to `eos_token_id`:151645 for open-end generation.
[209/300] valid=141 correct=80 parse_failures=2
[transformers] Setting `pad_token_id` to `eos_token_id`:151645 for open-end generation.
[transformers] Setting `pad_token_id` to `eos_token_id`:151645 for open-end generation.
[210/300] valid=142 correct=81 parse_failures=2
[transformers] Setting `pad_token_id` to `eos_token_id`:151645 for open-end generation.
[transformers] Setting `pad_token_id` to `eos_token_id`:151645 for open-end generation.
[211/300] valid=142 correct=81 parse_failures=2
[transformers] Setting `pad_token_id` to `eos_token_id`:151645 for open-end generation.
[transformers] Setting `pad_token_id` to `eos_token_id`:151645 for open-end generation.
[212/300] valid=143 correct=81 parse_failures=2
[transformers] Setting `pad_token_id` to `eos_token_id`:151645 for open-end generation.
[transformers] Setting `pad_token_id` to `eos_token_id`:151645 for open-end generation.
[213/300] valid=144 correct=81 parse_failures=2
[transformers] Setting `pad_token_id` to `eos_token_id`:151645 for open-end generation.
[transformers] Setting `pad_token_id` to `eos_token_id`:151645 for open-end generation.
[214/300] valid=144 correct=81 parse_failures=2
[transformers] Setting `pad_token_id` to `eos_token_id`:151645 for open-end generation.
[transformers] Setting `pad_token_id` to `eos_token_id`:151645 for open-end generation.
[215/300] valid=145 correct=81 parse_failures=2
[transformers] Setting `pad_token_id` to `eos_token_id`:151645 for open-end generation.
[transformers] Setting `pad_token_id` to `eos_token_id`:151645 for open-end generation.
[216/300] valid=146 correct=82 parse_failures=2
[transformers] Setting `pad_token_id` to `eos_token_id`:151645 for open-end generation.
[transformers] Setting `pad_token_id` to `eos_token_id`:151645 for open-end generation.
[217/300] valid=146 correct=82 parse_failures=2
[transformers] Setting `pad_token_id` to `eos_token_id`:151645 for open-end generation.
[transformers] Setting `pad_token_id` to `eos_token_id`:151645 for open-end generation.
[218/300] valid=147 correct=83 parse_failures=2
[transformers] Setting `pad_token_id` to `eos_token_id`:151645 for open-end generation.
[transformers] Setting `pad_token_id` to `eos_token_id`:151645 for open-end generation.
[219/300] valid=147 correct=83 parse_failures=2
[transformers] Setting `pad_token_id` to `eos_token_id`:151645 for open-end generation.
[transformers] Setting `pad_token_id` to `eos_token_id`:151645 for open-end generation.
[220/300] valid=148 correct=84 parse_failures=2
[transformers] Setting `pad_token_id` to `eos_token_id`:151645 for open-end generation.
[transformers] Setting `pad_token_id` to `eos_token_id`:151645 for open-end generation.
[221/300] valid=148 correct=84 parse_failures=2
[transformers] Setting `pad_token_id` to `eos_token_id`:151645 for open-end generation.
[transformers] Setting `pad_token_id` to `eos_token_id`:151645 for open-end generation.
[222/300] valid=149 correct=84 parse_failures=2
[transformers] Setting `pad_token_id` to `eos_token_id`:151645 for open-end generation.
[transformers] Setting `pad_token_id` to `eos_token_id`:151645 for open-end generation.
[223/300] valid=150 correct=85 parse_failures=2
[transformers] Setting `pad_token_id` to `eos_token_id`:151645 for open-end generation.
[transformers] Setting `pad_token_id` to `eos_token_id`:151645 for open-end generation.
[224/300] valid=151 correct=85 parse_failures=2
[transformers] Setting `pad_token_id` to `eos_token_id`:151645 for open-end generation.
[transformers] Setting `pad_token_id` to `eos_token_id`:151645 for open-end generation.
[225/300] valid=151 correct=85 parse_failures=2
[transformers] Setting `pad_token_id` to `eos_token_id`:151645 for open-end generation.
[transformers] Setting `pad_token_id` to `eos_token_id`:151645 for open-end generation.
[226/300] valid=152 correct=85 parse_failures=2
[transformers] Setting `pad_token_id` to `eos_token_id`:151645 for open-end generation.
[transformers] Setting `pad_token_id` to `eos_token_id`:151645 for open-end generation.
[227/300] valid=152 correct=85 parse_failures=2
[transformers] Setting `pad_token_id` to `eos_token_id`:151645 for open-end generation.
[transformers] Setting `pad_token_id` to `eos_token_id`:151645 for open-end generation.
[228/300] valid=152 correct=85 parse_failures=2
[transformers] Setting `pad_token_id` to `eos_token_id`:151645 for open-end generation.
[transformers] Setting `pad_token_id` to `eos_token_id`:151645 for open-end generation.
[229/300] valid=152 correct=85 parse_failures=2
[transformers] Setting `pad_token_id` to `eos_token_id`:151645 for open-end generation.
[transformers] Setting `pad_token_id` to `eos_token_id`:151645 for open-end generation.
[230/300] valid=152 correct=85 parse_failures=2
[transformers] Setting `pad_token_id` to `eos_token_id`:151645 for open-end generation.
[transformers] Setting `pad_token_id` to `eos_token_id`:151645 for open-end generation.
[231/300] valid=153 correct=86 parse_failures=2
[transformers] Setting `pad_token_id` to `eos_token_id`:151645 for open-end generation.
[transformers] Setting `pad_token_id` to `eos_token_id`:151645 for open-end generation.
[232/300] valid=153 correct=86 parse_failures=2
[transformers] Setting `pad_token_id` to `eos_token_id`:151645 for open-end generation.
[transformers] Setting `pad_token_id` to `eos_token_id`:151645 for open-end generation.
[233/300] valid=154 correct=87 parse_failures=2
[transformers] Setting `pad_token_id` to `eos_token_id`:151645 for open-end generation.
[transformers] Setting `pad_token_id` to `eos_token_id`:151645 for open-end generation.
[234/300] valid=155 correct=88 parse_failures=2
[transformers] Setting `pad_token_id` to `eos_token_id`:151645 for open-end generation.
[transformers] Setting `pad_token_id` to `eos_token_id`:151645 for open-end generation.
[235/300] valid=155 correct=88 parse_failures=2
[transformers] Setting `pad_token_id` to `eos_token_id`:151645 for open-end generation.
[transformers] Setting `pad_token_id` to `eos_token_id`:151645 for open-end generation.
[236/300] valid=156 correct=88 parse_failures=2
[transformers] Setting `pad_token_id` to `eos_token_id`:151645 for open-end generation.
[transformers] Setting `pad_token_id` to `eos_token_id`:151645 for open-end generation.
[237/300] valid=157 correct=88 parse_failures=2
[transformers] Setting `pad_token_id` to `eos_token_id`:151645 for open-end generation.
[transformers] Setting `pad_token_id` to `eos_token_id`:151645 for open-end generation.
[238/300] valid=158 correct=89 parse_failures=2
[transformers] Setting `pad_token_id` to `eos_token_id`:151645 for open-end generation.
[transformers] Setting `pad_token_id` to `eos_token_id`:151645 for open-end generation.
[239/300] valid=159 correct=89 parse_failures=2
[transformers] Setting `pad_token_id` to `eos_token_id`:151645 for open-end generation.
[transformers] Setting `pad_token_id` to `eos_token_id`:151645 for open-end generation.
[240/300] valid=160 correct=89 parse_failures=2
[transformers] Setting `pad_token_id` to `eos_token_id`:151645 for open-end generation.
[transformers] Setting `pad_token_id` to `eos_token_id`:151645 for open-end generation.
[241/300] valid=161 correct=89 parse_failures=2
[transformers] Setting `pad_token_id` to `eos_token_id`:151645 for open-end generation.
[transformers] Setting `pad_token_id` to `eos_token_id`:151645 for open-end generation.
[242/300] valid=162 correct=90 parse_failures=2
[transformers] Setting `pad_token_id` to `eos_token_id`:151645 for open-end generation.
[transformers] Setting `pad_token_id` to `eos_token_id`:151645 for open-end generation.
[243/300] valid=162 correct=90 parse_failures=2
[transformers] Setting `pad_token_id` to `eos_token_id`:151645 for open-end generation.
[transformers] Setting `pad_token_id` to `eos_token_id`:151645 for open-end generation.
[244/300] valid=163 correct=90 parse_failures=2
[transformers] Setting `pad_token_id` to `eos_token_id`:151645 for open-end generation.
[transformers] Setting `pad_token_id` to `eos_token_id`:151645 for open-end generation.
[245/300] valid=164 correct=91 parse_failures=2
[transformers] Setting `pad_token_id` to `eos_token_id`:151645 for open-end generation.
[transformers] Setting `pad_token_id` to `eos_token_id`:151645 for open-end generation.
[246/300] valid=165 correct=92 parse_failures=2
[transformers] Setting `pad_token_id` to `eos_token_id`:151645 for open-end generation.
[transformers] Setting `pad_token_id` to `eos_token_id`:151645 for open-end generation.
[247/300] valid=166 correct=93 parse_failures=2
[transformers] Setting `pad_token_id` to `eos_token_id`:151645 for open-end generation.
[transformers] Setting `pad_token_id` to `eos_token_id`:151645 for open-end generation.
[248/300] valid=167 correct=94 parse_failures=2
[transformers] Setting `pad_token_id` to `eos_token_id`:151645 for open-end generation.
[transformers] Setting `pad_token_id` to `eos_token_id`:151645 for open-end generation.
[249/300] valid=168 correct=94 parse_failures=2
[transformers] Setting `pad_token_id` to `eos_token_id`:151645 for open-end generation.
[transformers] Setting `pad_token_id` to `eos_token_id`:151645 for open-end generation.
[250/300] valid=169 correct=94 parse_failures=2
[transformers] Setting `pad_token_id` to `eos_token_id`:151645 for open-end generation.
[transformers] Setting `pad_token_id` to `eos_token_id`:151645 for open-end generation.
[251/300] valid=170 correct=95 parse_failures=2
[transformers] Setting `pad_token_id` to `eos_token_id`:151645 for open-end generation.
[transformers] Setting `pad_token_id` to `eos_token_id`:151645 for open-end generation.
[252/300] valid=171 correct=95 parse_failures=2
[transformers] Setting `pad_token_id` to `eos_token_id`:151645 for open-end generation.
[transformers] Setting `pad_token_id` to `eos_token_id`:151645 for open-end generation.
[253/300] valid=171 correct=95 parse_failures=2
[transformers] Setting `pad_token_id` to `eos_token_id`:151645 for open-end generation.
[transformers] Setting `pad_token_id` to `eos_token_id`:151645 for open-end generation.
[254/300] valid=172 correct=96 parse_failures=2
[transformers] Setting `pad_token_id` to `eos_token_id`:151645 for open-end generation.
[transformers] Setting `pad_token_id` to `eos_token_id`:151645 for open-end generation.
[255/300] valid=172 correct=96 parse_failures=2
[transformers] Setting `pad_token_id` to `eos_token_id`:151645 for open-end generation.
[transformers] Setting `pad_token_id` to `eos_token_id`:151645 for open-end generation.
[256/300] valid=173 correct=96 parse_failures=2
[transformers] Setting `pad_token_id` to `eos_token_id`:151645 for open-end generation.
[transformers] Setting `pad_token_id` to `eos_token_id`:151645 for open-end generation.
[257/300] valid=174 correct=97 parse_failures=2
[transformers] Setting `pad_token_id` to `eos_token_id`:151645 for open-end generation.
[transformers] Setting `pad_token_id` to `eos_token_id`:151645 for open-end generation.
[258/300] valid=174 correct=97 parse_failures=2
[transformers] Setting `pad_token_id` to `eos_token_id`:151645 for open-end generation.
[transformers] Setting `pad_token_id` to `eos_token_id`:151645 for open-end generation.
[259/300] valid=174 correct=97 parse_failures=2
[transformers] Setting `pad_token_id` to `eos_token_id`:151645 for open-end generation.
[transformers] Setting `pad_token_id` to `eos_token_id`:151645 for open-end generation.
[260/300] valid=174 correct=97 parse_failures=2
[transformers] Setting `pad_token_id` to `eos_token_id`:151645 for open-end generation.
[transformers] Setting `pad_token_id` to `eos_token_id`:151645 for open-end generation.
[261/300] valid=175 correct=98 parse_failures=2
[transformers] Setting `pad_token_id` to `eos_token_id`:151645 for open-end generation.
[transformers] Setting `pad_token_id` to `eos_token_id`:151645 for open-end generation.
[262/300] valid=175 correct=98 parse_failures=2
[transformers] Setting `pad_token_id` to `eos_token_id`:151645 for open-end generation.
[transformers] Setting `pad_token_id` to `eos_token_id`:151645 for open-end generation.
[263/300] valid=176 correct=98 parse_failures=2
[transformers] Setting `pad_token_id` to `eos_token_id`:151645 for open-end generation.
[transformers] Setting `pad_token_id` to `eos_token_id`:151645 for open-end generation.
[264/300] valid=177 correct=98 parse_failures=2
[transformers] Setting `pad_token_id` to `eos_token_id`:151645 for open-end generation.
[transformers] Setting `pad_token_id` to `eos_token_id`:151645 for open-end generation.
[265/300] valid=177 correct=98 parse_failures=2
[transformers] Setting `pad_token_id` to `eos_token_id`:151645 for open-end generation.
[transformers] Setting `pad_token_id` to `eos_token_id`:151645 for open-end generation.
[266/300] valid=177 correct=98 parse_failures=2
[transformers] Setting `pad_token_id` to `eos_token_id`:151645 for open-end generation.
[transformers] Setting `pad_token_id` to `eos_token_id`:151645 for open-end generation.
[267/300] valid=178 correct=99 parse_failures=2
[transformers] Setting `pad_token_id` to `eos_token_id`:151645 for open-end generation.
[transformers] Setting `pad_token_id` to `eos_token_id`:151645 for open-end generation.
[268/300] valid=179 correct=100 parse_failures=2
[transformers] Setting `pad_token_id` to `eos_token_id`:151645 for open-end generation.
[transformers] Setting `pad_token_id` to `eos_token_id`:151645 for open-end generation.
[269/300] valid=180 correct=100 parse_failures=2
[transformers] Setting `pad_token_id` to `eos_token_id`:151645 for open-end generation.
[transformers] Setting `pad_token_id` to `eos_token_id`:151645 for open-end generation.
[270/300] valid=181 correct=100 parse_failures=2
[transformers] Setting `pad_token_id` to `eos_token_id`:151645 for open-end generation.
[transformers] Setting `pad_token_id` to `eos_token_id`:151645 for open-end generation.
[271/300] valid=182 correct=101 parse_failures=2
[transformers] Setting `pad_token_id` to `eos_token_id`:151645 for open-end generation.
[transformers] Setting `pad_token_id` to `eos_token_id`:151645 for open-end generation.
[272/300] valid=182 correct=101 parse_failures=2
[transformers] Setting `pad_token_id` to `eos_token_id`:151645 for open-end generation.
[transformers] Setting `pad_token_id` to `eos_token_id`:151645 for open-end generation.
[273/300] valid=183 correct=101 parse_failures=2
[transformers] Setting `pad_token_id` to `eos_token_id`:151645 for open-end generation.
[transformers] Setting `pad_token_id` to `eos_token_id`:151645 for open-end generation.
[274/300] valid=184 correct=102 parse_failures=2
[transformers] Setting `pad_token_id` to `eos_token_id`:151645 for open-end generation.
[transformers] Setting `pad_token_id` to `eos_token_id`:151645 for open-end generation.
[275/300] valid=184 correct=102 parse_failures=2
[transformers] Setting `pad_token_id` to `eos_token_id`:151645 for open-end generation.
[transformers] Setting `pad_token_id` to `eos_token_id`:151645 for open-end generation.
[276/300] valid=185 correct=103 parse_failures=2
[transformers] Setting `pad_token_id` to `eos_token_id`:151645 for open-end generation.
[transformers] Setting `pad_token_id` to `eos_token_id`:151645 for open-end generation.
[277/300] valid=186 correct=103 parse_failures=2
[transformers] Setting `pad_token_id` to `eos_token_id`:151645 for open-end generation.
[transformers] Setting `pad_token_id` to `eos_token_id`:151645 for open-end generation.
[278/300] valid=187 correct=104 parse_failures=2
[transformers] Setting `pad_token_id` to `eos_token_id`:151645 for open-end generation.
[transformers] Setting `pad_token_id` to `eos_token_id`:151645 for open-end generation.
[279/300] valid=188 correct=104 parse_failures=2
[transformers] Setting `pad_token_id` to `eos_token_id`:151645 for open-end generation.
[transformers] Setting `pad_token_id` to `eos_token_id`:151645 for open-end generation.
[280/300] valid=189 correct=105 parse_failures=2
[transformers] Setting `pad_token_id` to `eos_token_id`:151645 for open-end generation.
[transformers] Setting `pad_token_id` to `eos_token_id`:151645 for open-end generation.
[281/300] valid=190 correct=106 parse_failures=2
[transformers] Setting `pad_token_id` to `eos_token_id`:151645 for open-end generation.
[transformers] Setting `pad_token_id` to `eos_token_id`:151645 for open-end generation.
[282/300] valid=190 correct=106 parse_failures=2
[transformers] Setting `pad_token_id` to `eos_token_id`:151645 for open-end generation.
[transformers] Setting `pad_token_id` to `eos_token_id`:151645 for open-end generation.
[283/300] valid=191 correct=107 parse_failures=2
[transformers] Setting `pad_token_id` to `eos_token_id`:151645 for open-end generation.
[transformers] Setting `pad_token_id` to `eos_token_id`:151645 for open-end generation.
[284/300] valid=192 correct=108 parse_failures=2
[transformers] Setting `pad_token_id` to `eos_token_id`:151645 for open-end generation.
[transformers] Setting `pad_token_id` to `eos_token_id`:151645 for open-end generation.
[285/300] valid=192 correct=108 parse_failures=2
[transformers] Setting `pad_token_id` to `eos_token_id`:151645 for open-end generation.
[transformers] Setting `pad_token_id` to `eos_token_id`:151645 for open-end generation.
[286/300] valid=193 correct=109 parse_failures=2
[transformers] Setting `pad_token_id` to `eos_token_id`:151645 for open-end generation.
[transformers] Setting `pad_token_id` to `eos_token_id`:151645 for open-end generation.
[287/300] valid=193 correct=109 parse_failures=2
[transformers] Setting `pad_token_id` to `eos_token_id`:151645 for open-end generation.
[transformers] Setting `pad_token_id` to `eos_token_id`:151645 for open-end generation.
[288/300] valid=193 correct=109 parse_failures=2
[transformers] Setting `pad_token_id` to `eos_token_id`:151645 for open-end generation.
[transformers] Setting `pad_token_id` to `eos_token_id`:151645 for open-end generation.
[289/300] valid=194 correct=109 parse_failures=2
[transformers] Setting `pad_token_id` to `eos_token_id`:151645 for open-end generation.
[transformers] Setting `pad_token_id` to `eos_token_id`:151645 for open-end generation.
[290/300] valid=195 correct=110 parse_failures=2
[transformers] Setting `pad_token_id` to `eos_token_id`:151645 for open-end generation.
[transformers] Setting `pad_token_id` to `eos_token_id`:151645 for open-end generation.
[291/300] valid=196 correct=110 parse_failures=2
[transformers] Setting `pad_token_id` to `eos_token_id`:151645 for open-end generation.
[transformers] Setting `pad_token_id` to `eos_token_id`:151645 for open-end generation.
[292/300] valid=197 correct=111 parse_failures=2
[transformers] Setting `pad_token_id` to `eos_token_id`:151645 for open-end generation.
[transformers] Setting `pad_token_id` to `eos_token_id`:151645 for open-end generation.
[293/300] valid=198 correct=112 parse_failures=2
[transformers] Setting `pad_token_id` to `eos_token_id`:151645 for open-end generation.
[transformers] Setting `pad_token_id` to `eos_token_id`:151645 for open-end generation.
[294/300] valid=198 correct=112 parse_failures=2
[transformers] Setting `pad_token_id` to `eos_token_id`:151645 for open-end generation.
[transformers] Setting `pad_token_id` to `eos_token_id`:151645 for open-end generation.
[295/300] valid=199 correct=113 parse_failures=2
[transformers] Setting `pad_token_id` to `eos_token_id`:151645 for open-end generation.
[transformers] Setting `pad_token_id` to `eos_token_id`:151645 for open-end generation.
[296/300] valid=200 correct=113 parse_failures=2
[transformers] Setting `pad_token_id` to `eos_token_id`:151645 for open-end generation.
[transformers] Setting `pad_token_id` to `eos_token_id`:151645 for open-end generation.
[297/300] valid=201 correct=114 parse_failures=2
[transformers] Setting `pad_token_id` to `eos_token_id`:151645 for open-end generation.
[transformers] Setting `pad_token_id` to `eos_token_id`:151645 for open-end generation.
[298/300] valid=202 correct=115 parse_failures=2
[transformers] Setting `pad_token_id` to `eos_token_id`:151645 for open-end generation.
[transformers] Setting `pad_token_id` to `eos_token_id`:151645 for open-end generation.
[299/300] valid=203 correct=115 parse_failures=2
[transformers] Setting `pad_token_id` to `eos_token_id`:151645 for open-end generation.
[transformers] Setting `pad_token_id` to `eos_token_id`:151645 for open-end generation.
[300/300] valid=204 correct=116 parse_failures=2
{
  "model": "OpenGVLab/InternVL3-8B",
  "model_kind": "vlm",
  "input_setting": "combined_labeled_text_plus_image",
  "prompt_variant": "B",
  "seed": 42,
  "all_pairs": 300,
  "valid_pairs": 204,
  "correct_pairs": 116,
  "accuracy_on_valid_pairs": 0.5686274509803921,
  "effective_accuracy": 0.38666666666666666,
  "strict_swap_error_rate": 0.32,
  "parse_failure_rate": 0.0033333333333333335,
  "nvidia_smi_after": "0, NVIDIA RTX PRO 6000 Blackwell Server Edition, 17403 MiB, 97887 MiB, 0 %\n1, NVIDIA RTX PRO 6000 Blackwell Server Edition, 95551 MiB, 97887 MiB, 100 %\n"
}
