/ANON/scratch_rq1/envs/phi4mm/lib/python3.10/site-packages/transformers/models/auto/image_processing_auto.py:590: FutureWarning: The image_processor_class argument is deprecated and will be removed in v4.42. Please use `slow_image_processor_class`, or `fast_image_processor_class` instead
  warnings.warn(
/ANON/home/.cache/huggingface/modules/transformers_modules/93f923e1a7727d1c4f446756212d9d3e8fcc5d81/speech_conformer_encoder.py:2774: FutureWarning: Please specify CheckpointImpl.NO_REENTRANT as CheckpointImpl.REENTRANT will soon be removed as the default and eventually deprecated.
  lambda i: encoder_checkpoint_wrapper(
Loading checkpoint shards:   0%|          | 0/3 [00:00<?, ?it/s]Loading checkpoint shards:  33%|███▎      | 1/3 [00:02<00:04,  2.21s/it]Loading checkpoint shards:  67%|██████▋   | 2/3 [00:04<00:02,  2.09s/it]Loading checkpoint shards: 100%|██████████| 3/3 [00:05<00:00,  1.54s/it]Loading checkpoint shards: 100%|██████████| 3/3 [00:05<00:00,  1.70s/it]
From v4.47 onwards, when a model cache is to be returned, `generate` will return a `Cache` instance instead by default (as opposed to the legacy tuple of tuples format). If you want to keep returning the legacy format, please set `return_legacy_cache=True`.
phi full 10/18000 parsed=A argmax=A
phi full 20/18000 parsed=A argmax=A
phi full 30/18000 parsed=A argmax=A
phi full 40/18000 parsed=B argmax=B
phi full 50/18000 parsed=A argmax=A
phi full 60/18000 parsed=A argmax=A
phi full 70/18000 parsed=A argmax=A
phi full 80/18000 parsed=A argmax=A
phi full 90/18000 parsed=A argmax=A
phi full 100/18000 parsed=A argmax=A
phi full 110/18000 parsed=B argmax=B
phi full 120/18000 parsed=A argmax=A
phi full 130/18000 parsed=A argmax=A
phi full 140/18000 parsed=A argmax=A
phi full 150/18000 parsed=A argmax=A
phi full 160/18000 parsed=A argmax=A
phi full 170/18000 parsed=A argmax=A
phi full 180/18000 parsed=A argmax=A
phi full 190/18000 parsed=A argmax=A
phi full 200/18000 parsed=A argmax=A
phi full 210/18000 parsed=A argmax=A
phi full 220/18000 parsed=A argmax=A
phi full 230/18000 parsed=A argmax=A
phi full 240/18000 parsed=A argmax=A
phi full 250/18000 parsed=A argmax=A
phi full 260/18000 parsed=B argmax=B
phi full 270/18000 parsed=A argmax=A
phi full 280/18000 parsed=A argmax=A
phi full 290/18000 parsed=A argmax=A
phi full 300/18000 parsed=A argmax=A
phi full 310/18000 parsed=A argmax=A
phi full 320/18000 parsed=A argmax=A
phi full 330/18000 parsed=A argmax=A
phi full 340/18000 parsed=A argmax=A
phi full 350/18000 parsed=A argmax=A
phi full 360/18000 parsed=A argmax=A
phi full 370/18000 parsed=A argmax=A
phi full 380/18000 parsed=B argmax=B
phi full 390/18000 parsed=A argmax=A
phi full 400/18000 parsed=A argmax=A
phi full 410/18000 parsed=A argmax=A
phi full 420/18000 parsed=A argmax=A
phi full 430/18000 parsed=A argmax=A
phi full 440/18000 parsed=A argmax=A
phi full 450/18000 parsed=A argmax=A
phi full 460/18000 parsed=A argmax=A
phi full 470/18000 parsed=A argmax=A
phi full 480/18000 parsed=A argmax=A
phi full 490/18000 parsed=A argmax=A
phi full 500/18000 parsed=A argmax=A
phi full 510/18000 parsed=A argmax=A
phi full 520/18000 parsed=A argmax=A
phi full 530/18000 parsed=A argmax=A
phi full 540/18000 parsed=B argmax=B
phi full 550/18000 parsed=A argmax=A
phi full 560/18000 parsed=A argmax=A
phi full 570/18000 parsed=A argmax=A
phi full 580/18000 parsed=A argmax=A
phi full 590/18000 parsed=A argmax=A
phi full 600/18000 parsed=A argmax=A
phi full 610/18000 parsed=A argmax=A
phi full 620/18000 parsed=B argmax=B
phi full 630/18000 parsed=A argmax=A
phi full 640/18000 parsed=A argmax=A
phi full 650/18000 parsed=A argmax=A
phi full 660/18000 parsed=A argmax=A
phi full 670/18000 parsed=A argmax=A
phi full 680/18000 parsed=A argmax=A
phi full 690/18000 parsed=A argmax=A
phi full 700/18000 parsed=A argmax=A
phi full 710/18000 parsed=A argmax=A
phi full 720/18000 parsed=A argmax=A
phi full 730/18000 parsed=A argmax=A
phi full 740/18000 parsed=B argmax=B
phi full 750/18000 parsed=A argmax=A
phi full 760/18000 parsed=A argmax=A
phi full 770/18000 parsed=A argmax=A
phi full 780/18000 parsed=A argmax=A
phi full 790/18000 parsed=A argmax=A
phi full 800/18000 parsed=A argmax=A
phi full 810/18000 parsed=A argmax=A
phi full 820/18000 parsed=A argmax=A
phi full 830/18000 parsed=B argmax=B
phi full 840/18000 parsed=A argmax=A
phi full 850/18000 parsed=A argmax=A
phi full 860/18000 parsed=A argmax=A
phi full 870/18000 parsed=A argmax=A
phi full 880/18000 parsed=A argmax=A
phi full 890/18000 parsed=A argmax=A
phi full 900/18000 parsed=A argmax=A
phi full 910/18000 parsed=B argmax=B
phi full 920/18000 parsed=B argmax=B
phi full 930/18000 parsed=A argmax=A
phi full 940/18000 parsed=A argmax=A
phi full 950/18000 parsed=B argmax=B
phi full 960/18000 parsed=A argmax=A
phi full 970/18000 parsed=A argmax=A
phi full 980/18000 parsed=A argmax=A
phi full 990/18000 parsed=B argmax=B
phi full 1000/18000 parsed=A argmax=A
phi full 1010/18000 parsed=A argmax=A
phi full 1020/18000 parsed=A argmax=A
phi full 1030/18000 parsed=A argmax=A
phi full 1040/18000 parsed=A argmax=A
phi full 1050/18000 parsed=A argmax=A
phi full 1060/18000 parsed=A argmax=A
phi full 1070/18000 parsed=A argmax=A
phi full 1080/18000 parsed=A argmax=A
phi full 1090/18000 parsed=A argmax=A
phi full 1100/18000 parsed=A argmax=A
phi full 1110/18000 parsed=B argmax=B
phi full 1120/18000 parsed=A argmax=A
phi full 1130/18000 parsed=A argmax=A
phi full 1140/18000 parsed=A argmax=A
phi full 1150/18000 parsed=A argmax=A
phi full 1160/18000 parsed=A argmax=A
phi full 1170/18000 parsed=A argmax=A
phi full 1180/18000 parsed=A argmax=A
phi full 1190/18000 parsed=B argmax=B
phi full 1200/18000 parsed=A argmax=A
phi full 1210/18000 parsed=A argmax=A
phi full 1220/18000 parsed=A argmax=A
phi full 1230/18000 parsed=A argmax=A
phi full 1240/18000 parsed=A argmax=A
phi full 1250/18000 parsed=B argmax=B
phi full 1260/18000 parsed=A argmax=A
phi full 1270/18000 parsed=A argmax=A
phi full 1280/18000 parsed=B argmax=B
phi full 1290/18000 parsed=A argmax=A
phi full 1300/18000 parsed=A argmax=A
phi full 1310/18000 parsed=B argmax=B
phi full 1320/18000 parsed=A argmax=A
phi full 1330/18000 parsed=B argmax=B
phi full 1340/18000 parsed=A argmax=A
phi full 1350/18000 parsed=A argmax=A
phi full 1360/18000 parsed=B argmax=B
phi full 1370/18000 parsed=A argmax=A
phi full 1380/18000 parsed=B argmax=B
phi full 1390/18000 parsed=B argmax=B
phi full 1400/18000 parsed=B argmax=B
phi full 1410/18000 parsed=A argmax=A
phi full 1420/18000 parsed=B argmax=B
phi full 1430/18000 parsed=A argmax=A
phi full 1440/18000 parsed=A argmax=A
phi full 1450/18000 parsed=A argmax=A
phi full 1460/18000 parsed=B argmax=B
phi full 1470/18000 parsed=B argmax=B
phi full 1480/18000 parsed=A argmax=A
phi full 1490/18000 parsed=A argmax=A
phi full 1500/18000 parsed=B argmax=B
phi full 1510/18000 parsed=A argmax=A
phi full 1520/18000 parsed=A argmax=A
phi full 1530/18000 parsed=A argmax=A
phi full 1540/18000 parsed=A argmax=A
phi full 1550/18000 parsed=A argmax=A
phi full 1560/18000 parsed=A argmax=A
phi full 1570/18000 parsed=B argmax=B
phi full 1580/18000 parsed=B argmax=B
phi full 1590/18000 parsed=B argmax=B
phi full 1600/18000 parsed=A argmax=A
phi full 1610/18000 parsed=A argmax=A
phi full 1620/18000 parsed=B argmax=B
phi full 1630/18000 parsed=A argmax=A
phi full 1640/18000 parsed=A argmax=A
phi full 1650/18000 parsed=A argmax=A
phi full 1660/18000 parsed=B argmax=B
phi full 1670/18000 parsed=A argmax=A
phi full 1680/18000 parsed=A argmax=A
phi full 1690/18000 parsed=A argmax=A
phi full 1700/18000 parsed=B argmax=B
phi full 1710/18000 parsed=A argmax=A
phi full 1720/18000 parsed=A argmax=A
phi full 1730/18000 parsed=A argmax=A
phi full 1740/18000 parsed=A argmax=A
phi full 1750/18000 parsed=A argmax=A
phi full 1760/18000 parsed=A argmax=A
phi full 1770/18000 parsed=B argmax=B
phi full 1780/18000 parsed=A argmax=A
phi full 1790/18000 parsed=A argmax=A
phi full 1800/18000 parsed=B argmax=B
phi full 1810/18000 parsed=B argmax=B
phi full 1820/18000 parsed=A argmax=A
phi full 1830/18000 parsed=A argmax=A
phi full 1840/18000 parsed=B argmax=B
phi full 1850/18000 parsed=A argmax=A
If you are not using the generate method, you may encounter nonsensical outputs after the 4096th token, as the KV cache needs to be recomputed.
If you are not using the generate method, you may encounter nonsensical outputs after the 4096th token, as the KV cache needs to be recomputed.
phi full 1860/18000 parsed=B argmax=B
phi full 1870/18000 parsed=B argmax=B
phi full 1880/18000 parsed=B argmax=B
phi full 1890/18000 parsed=A argmax=A
phi full 1900/18000 parsed=B argmax=B
phi full 1910/18000 parsed=A argmax=A
phi full 1920/18000 parsed=A argmax=A
phi full 1930/18000 parsed=B argmax=B
phi full 1940/18000 parsed=B argmax=B
phi full 1950/18000 parsed=B argmax=B
phi full 1960/18000 parsed=A argmax=A
phi full 1970/18000 parsed=A argmax=A
phi full 1980/18000 parsed=B argmax=B
phi full 1990/18000 parsed=A argmax=A
phi full 2000/18000 parsed=A argmax=A
phi full 2010/18000 parsed=B argmax=B
phi full 2020/18000 parsed=A argmax=A
phi full 2030/18000 parsed=A argmax=A
phi full 2040/18000 parsed=A argmax=A
phi full 2050/18000 parsed=A argmax=A
phi full 2060/18000 parsed=A argmax=A
phi full 2070/18000 parsed=B argmax=B
phi full 2080/18000 parsed=B argmax=B
phi full 2090/18000 parsed=A argmax=A
phi full 2100/18000 parsed=A argmax=A
phi full 2110/18000 parsed=A argmax=A
phi full 2120/18000 parsed=A argmax=A
phi full 2130/18000 parsed=A argmax=A
phi full 2140/18000 parsed=A argmax=A
phi full 2150/18000 parsed=A argmax=A
phi full 2160/18000 parsed=A argmax=A
phi full 2170/18000 parsed=B argmax=B
phi full 2180/18000 parsed=A argmax=A
phi full 2190/18000 parsed=A argmax=A
phi full 2200/18000 parsed=B argmax=B
phi full 2210/18000 parsed=A argmax=A
phi full 2220/18000 parsed=B argmax=B
phi full 2230/18000 parsed=A argmax=A
phi full 2240/18000 parsed=B argmax=B
phi full 2250/18000 parsed=A argmax=A
phi full 2260/18000 parsed=A argmax=A
phi full 2270/18000 parsed=A argmax=A
phi full 2280/18000 parsed=B argmax=B
phi full 2290/18000 parsed=A argmax=A
phi full 2300/18000 parsed=A argmax=A
phi full 2310/18000 parsed=A argmax=A
phi full 2320/18000 parsed=A argmax=A
phi full 2330/18000 parsed=A argmax=A
phi full 2340/18000 parsed=A argmax=A
phi full 2350/18000 parsed=B argmax=B
phi full 2360/18000 parsed=A argmax=A
phi full 2370/18000 parsed=A argmax=A
phi full 2380/18000 parsed=A argmax=A
phi full 2390/18000 parsed=A argmax=A
phi full 2400/18000 parsed=A argmax=A
phi full 2410/18000 parsed=B argmax=B
phi full 2420/18000 parsed=A argmax=A
phi full 2430/18000 parsed=A argmax=A
phi full 2440/18000 parsed=A argmax=A
phi full 2450/18000 parsed=B argmax=B
phi full 2460/18000 parsed=A argmax=A
phi full 2470/18000 parsed=A argmax=A
phi full 2480/18000 parsed=A argmax=A
phi full 2490/18000 parsed=A argmax=A
phi full 2500/18000 parsed=B argmax=B
phi full 2510/18000 parsed=A argmax=A
phi full 2520/18000 parsed=A argmax=A
phi full 2530/18000 parsed=A argmax=A
phi full 2540/18000 parsed=A argmax=A
phi full 2550/18000 parsed=A argmax=A
phi full 2560/18000 parsed=A argmax=A
phi full 2570/18000 parsed=A argmax=A
phi full 2580/18000 parsed=A argmax=A
phi full 2590/18000 parsed=A argmax=A
phi full 2600/18000 parsed=A argmax=A
phi full 2610/18000 parsed=A argmax=A
phi full 2620/18000 parsed=A argmax=A
phi full 2630/18000 parsed=A argmax=A
phi full 2640/18000 parsed=A argmax=A
phi full 2650/18000 parsed=A argmax=A
phi full 2660/18000 parsed=A argmax=A
phi full 2670/18000 parsed=A argmax=A
phi full 2680/18000 parsed=A argmax=A
phi full 2690/18000 parsed=A argmax=A
phi full 2700/18000 parsed=B argmax=B
phi full 2710/18000 parsed=A argmax=A
phi full 2720/18000 parsed=A argmax=A
phi full 2730/18000 parsed=A argmax=A
phi full 2740/18000 parsed=A argmax=A
phi full 2750/18000 parsed=A argmax=A
phi full 2760/18000 parsed=A argmax=A
phi full 2770/18000 parsed=A argmax=A
phi full 2780/18000 parsed=A argmax=A
phi full 2790/18000 parsed=A argmax=A
phi full 2800/18000 parsed=A argmax=A
phi full 2810/18000 parsed=A argmax=A
phi full 2820/18000 parsed=A argmax=A
phi full 2830/18000 parsed=A argmax=A
phi full 2840/18000 parsed=A argmax=A
phi full 2850/18000 parsed=A argmax=A
phi full 2860/18000 parsed=A argmax=A
phi full 2870/18000 parsed=A argmax=A
phi full 2880/18000 parsed=A argmax=A
phi full 2890/18000 parsed=A argmax=A
phi full 2900/18000 parsed=A argmax=A
phi full 2910/18000 parsed=A argmax=A
phi full 2920/18000 parsed=A argmax=A
phi full 2930/18000 parsed=A argmax=A
phi full 2940/18000 parsed=A argmax=A
phi full 2950/18000 parsed=A argmax=A
phi full 2960/18000 parsed=A argmax=A
phi full 2970/18000 parsed=A argmax=A
phi full 2980/18000 parsed=A argmax=A
phi full 2990/18000 parsed=B argmax=B
phi full 3000/18000 parsed=B argmax=B
phi full 3010/18000 parsed=B argmax=B
phi full 3020/18000 parsed=A argmax=A
phi full 3030/18000 parsed=A argmax=A
phi full 3040/18000 parsed=B argmax=B
phi full 3050/18000 parsed=B argmax=B
phi full 3060/18000 parsed=B argmax=B
phi full 3070/18000 parsed=B argmax=B
phi full 3080/18000 parsed=A argmax=A
phi full 3090/18000 parsed=A argmax=A
phi full 3100/18000 parsed=A argmax=A
phi full 3110/18000 parsed=A argmax=A
phi full 3120/18000 parsed=B argmax=B
phi full 3130/18000 parsed=A argmax=A
phi full 3140/18000 parsed=A argmax=A
phi full 3150/18000 parsed=B argmax=B
phi full 3160/18000 parsed=A argmax=A
phi full 3170/18000 parsed=A argmax=A
phi full 3180/18000 parsed=A argmax=A
phi full 3190/18000 parsed=A argmax=A
phi full 3200/18000 parsed=A argmax=A
phi full 3210/18000 parsed=A argmax=A
phi full 3220/18000 parsed=A argmax=A
phi full 3230/18000 parsed=A argmax=A
phi full 3240/18000 parsed=A argmax=A
phi full 3250/18000 parsed=B argmax=B
phi full 3260/18000 parsed=A argmax=A
phi full 3270/18000 parsed=B argmax=B
phi full 3280/18000 parsed=B argmax=B
phi full 3290/18000 parsed=A argmax=A
phi full 3300/18000 parsed=A argmax=A
phi full 3310/18000 parsed=A argmax=A
phi full 3320/18000 parsed=B argmax=B
phi full 3330/18000 parsed=A argmax=A
phi full 3340/18000 parsed=B argmax=B
phi full 3350/18000 parsed=B argmax=B
phi full 3360/18000 parsed=A argmax=A
phi full 3370/18000 parsed=A argmax=A
phi full 3380/18000 parsed=A argmax=A
phi full 3390/18000 parsed=B argmax=B
phi full 3400/18000 parsed=B argmax=B
phi full 3410/18000 parsed=B argmax=B
phi full 3420/18000 parsed=A argmax=A
phi full 3430/18000 parsed=A argmax=A
phi full 3440/18000 parsed=A argmax=A
phi full 3450/18000 parsed=A argmax=A
phi full 3460/18000 parsed=A argmax=A
phi full 3470/18000 parsed=A argmax=A
phi full 3480/18000 parsed=A argmax=A
phi full 3490/18000 parsed=B argmax=B
phi full 3500/18000 parsed=B argmax=B
phi full 3510/18000 parsed=B argmax=B
phi full 3520/18000 parsed=A argmax=A
phi full 3530/18000 parsed=A argmax=A
phi full 3540/18000 parsed=A argmax=A
phi full 3550/18000 parsed=B argmax=B
phi full 3560/18000 parsed=B argmax=B
phi full 3570/18000 parsed=B argmax=B
phi full 3580/18000 parsed=A argmax=A
phi full 3590/18000 parsed=A argmax=A
phi full 3600/18000 parsed=A argmax=A
phi full 3610/18000 parsed=A argmax=A
phi full 3620/18000 parsed=B argmax=B
phi full 3630/18000 parsed=A argmax=A
phi full 3640/18000 parsed=B argmax=B
phi full 3650/18000 parsed=A argmax=A
phi full 3660/18000 parsed=A argmax=A
phi full 3670/18000 parsed=A argmax=A
phi full 3680/18000 parsed=A argmax=A
phi full 3690/18000 parsed=A argmax=A
phi full 3700/18000 parsed=A argmax=A
phi full 3710/18000 parsed=B argmax=B
phi full 3720/18000 parsed=A argmax=A
phi full 3730/18000 parsed=B argmax=B
phi full 3740/18000 parsed=B argmax=B
phi full 3750/18000 parsed=A argmax=A
phi full 3760/18000 parsed=A argmax=A
phi full 3770/18000 parsed=B argmax=B
phi full 3780/18000 parsed=B argmax=B
phi full 3790/18000 parsed=A argmax=A
phi full 3800/18000 parsed=A argmax=A
phi full 3810/18000 parsed=B argmax=B
phi full 3820/18000 parsed=A argmax=A
phi full 3830/18000 parsed=B argmax=B
phi full 3840/18000 parsed=B argmax=B
phi full 3850/18000 parsed=B argmax=B
phi full 3860/18000 parsed=A argmax=A
phi full 3870/18000 parsed=A argmax=A
phi full 3880/18000 parsed=A argmax=A
phi full 3890/18000 parsed=A argmax=A
phi full 3900/18000 parsed=B argmax=B
phi full 3910/18000 parsed=A argmax=A
phi full 3920/18000 parsed=A argmax=A
phi full 3930/18000 parsed=B argmax=B
phi full 3940/18000 parsed=A argmax=A
phi full 3950/18000 parsed=B argmax=B
phi full 3960/18000 parsed=A argmax=A
phi full 3970/18000 parsed=A argmax=A
phi full 3980/18000 parsed=B argmax=B
phi full 3990/18000 parsed=A argmax=A
phi full 4000/18000 parsed=A argmax=A
phi full 4010/18000 parsed=B argmax=B
phi full 4020/18000 parsed=A argmax=A
phi full 4030/18000 parsed=A argmax=A
phi full 4040/18000 parsed=A argmax=A
phi full 4050/18000 parsed=A argmax=A
phi full 4060/18000 parsed=A argmax=A
phi full 4070/18000 parsed=A argmax=A
phi full 4080/18000 parsed=A argmax=A
phi full 4090/18000 parsed=A argmax=A
phi full 4100/18000 parsed=B argmax=B
phi full 4110/18000 parsed=A argmax=A
phi full 4120/18000 parsed=A argmax=A
phi full 4130/18000 parsed=B argmax=B
phi full 4140/18000 parsed=A argmax=A
phi full 4150/18000 parsed=A argmax=A
phi full 4160/18000 parsed=A argmax=A
phi full 4170/18000 parsed=A argmax=A
phi full 4180/18000 parsed=A argmax=A
phi full 4190/18000 parsed=B argmax=B
phi full 4200/18000 parsed=A argmax=A
phi full 4210/18000 parsed=A argmax=A
phi full 4220/18000 parsed=A argmax=A
phi full 4230/18000 parsed=B argmax=B
phi full 4240/18000 parsed=A argmax=A
phi full 4250/18000 parsed=A argmax=A
phi full 4260/18000 parsed=A argmax=A
phi full 4270/18000 parsed=A argmax=A
phi full 4280/18000 parsed=A argmax=A
phi full 4290/18000 parsed=A argmax=A
phi full 4300/18000 parsed=B argmax=B
phi full 4310/18000 parsed=A argmax=A
phi full 4320/18000 parsed=A argmax=A
phi full 4330/18000 parsed=B argmax=B
phi full 4340/18000 parsed=A argmax=A
phi full 4350/18000 parsed=A argmax=A
phi full 4360/18000 parsed=A argmax=A
phi full 4370/18000 parsed=A argmax=A
phi full 4380/18000 parsed=A argmax=A
phi full 4390/18000 parsed=A argmax=A
phi full 4400/18000 parsed=A argmax=A
phi full 4410/18000 parsed=B argmax=B
phi full 4420/18000 parsed=A argmax=A
phi full 4430/18000 parsed=A argmax=A
phi full 4440/18000 parsed=A argmax=A
phi full 4450/18000 parsed=A argmax=A
phi full 4460/18000 parsed=A argmax=A
phi full 4470/18000 parsed=A argmax=A
phi full 4480/18000 parsed=A argmax=A
phi full 4490/18000 parsed=B argmax=B
phi full 4500/18000 parsed=A argmax=A
phi full 4510/18000 parsed=B argmax=B
phi full 4520/18000 parsed=A argmax=A
phi full 4530/18000 parsed=A argmax=A
phi full 4540/18000 parsed=A argmax=A
phi full 4550/18000 parsed=A argmax=A
phi full 4560/18000 parsed=A argmax=A
phi full 4570/18000 parsed=A argmax=A
phi full 4580/18000 parsed=A argmax=A
phi full 4590/18000 parsed=A argmax=A
phi full 4600/18000 parsed=A argmax=A
phi full 4610/18000 parsed=A argmax=A
phi full 4620/18000 parsed=A argmax=A
phi full 4630/18000 parsed=A argmax=A
phi full 4640/18000 parsed=A argmax=A
phi full 4650/18000 parsed=A argmax=A
phi full 4660/18000 parsed=A argmax=A
phi full 4670/18000 parsed=A argmax=A
phi full 4680/18000 parsed=A argmax=A
phi full 4690/18000 parsed=A argmax=A
phi full 4700/18000 parsed=A argmax=A
phi full 4710/18000 parsed=A argmax=A
phi full 4720/18000 parsed=A argmax=A
phi full 4730/18000 parsed=A argmax=A
phi full 4740/18000 parsed=A argmax=A
phi full 4750/18000 parsed=A argmax=A
phi full 4760/18000 parsed=B argmax=B
phi full 4770/18000 parsed=A argmax=A
phi full 4780/18000 parsed=A argmax=A
phi full 4790/18000 parsed=A argmax=A
phi full 4800/18000 parsed=A argmax=A
phi full 4810/18000 parsed=B argmax=B
phi full 4820/18000 parsed=A argmax=A
phi full 4830/18000 parsed=A argmax=A
phi full 4840/18000 parsed=A argmax=A
phi full 4850/18000 parsed=A argmax=A
phi full 4860/18000 parsed=A argmax=A
phi full 4870/18000 parsed=A argmax=A
phi full 4880/18000 parsed=A argmax=A
phi full 4890/18000 parsed=A argmax=A
phi full 4900/18000 parsed=A argmax=A
phi full 4910/18000 parsed=A argmax=A
phi full 4920/18000 parsed=A argmax=A
phi full 4930/18000 parsed=A argmax=A
phi full 4940/18000 parsed=A argmax=A
phi full 4950/18000 parsed=A argmax=A
phi full 4960/18000 parsed=A argmax=A
phi full 4970/18000 parsed=A argmax=A
phi full 4980/18000 parsed=A argmax=A
phi full 4990/18000 parsed=A argmax=A
phi full 5000/18000 parsed=A argmax=A
phi full 5010/18000 parsed=A argmax=A
phi full 5020/18000 parsed=A argmax=A
phi full 5030/18000 parsed=A argmax=A
phi full 5040/18000 parsed=A argmax=A
phi full 5050/18000 parsed=A argmax=A
phi full 5060/18000 parsed=A argmax=A
phi full 5070/18000 parsed=A argmax=A
phi full 5080/18000 parsed=A argmax=A
phi full 5090/18000 parsed=A argmax=A
phi full 5100/18000 parsed=A argmax=A
phi full 5110/18000 parsed=A argmax=A
phi full 5120/18000 parsed=A argmax=A
phi full 5130/18000 parsed=A argmax=A
phi full 5140/18000 parsed=B argmax=B
phi full 5150/18000 parsed=A argmax=A
phi full 5160/18000 parsed=B argmax=B
phi full 5170/18000 parsed=A argmax=A
phi full 5180/18000 parsed=B argmax=B
phi full 5190/18000 parsed=A argmax=A
phi full 5200/18000 parsed=A argmax=A
phi full 5210/18000 parsed=B argmax=B
phi full 5220/18000 parsed=B argmax=B
phi full 5230/18000 parsed=B argmax=B
phi full 5240/18000 parsed=A argmax=A
phi full 5250/18000 parsed=A argmax=A
phi full 5260/18000 parsed=A argmax=A
phi full 5270/18000 parsed=A argmax=A
phi full 5280/18000 parsed=A argmax=A
phi full 5290/18000 parsed=B argmax=B
phi full 5300/18000 parsed=B argmax=B
phi full 5310/18000 parsed=A argmax=A
phi full 5320/18000 parsed=B argmax=B
phi full 5330/18000 parsed=B argmax=B
phi full 5340/18000 parsed=A argmax=A
phi full 5350/18000 parsed=A argmax=A
phi full 5360/18000 parsed=A argmax=A
phi full 5370/18000 parsed=B argmax=B
phi full 5380/18000 parsed=A argmax=A
phi full 5390/18000 parsed=A argmax=A
phi full 5400/18000 parsed=B argmax=B
phi full 5410/18000 parsed=B argmax=B
phi full 5420/18000 parsed=A argmax=A
phi full 5430/18000 parsed=A argmax=A
phi full 5440/18000 parsed=A argmax=A
phi full 5450/18000 parsed=A argmax=A
phi full 5460/18000 parsed=B argmax=B
phi full 5470/18000 parsed=A argmax=A
phi full 5480/18000 parsed=B argmax=B
phi full 5490/18000 parsed=A argmax=A
phi full 5500/18000 parsed=A argmax=A
phi full 5510/18000 parsed=B argmax=B
phi full 5520/18000 parsed=B argmax=B
phi full 5530/18000 parsed=A argmax=A
phi full 5540/18000 parsed=A argmax=A
phi full 5550/18000 parsed=A argmax=A
phi full 5560/18000 parsed=A argmax=A
phi full 5570/18000 parsed=A argmax=A
phi full 5580/18000 parsed=A argmax=A
phi full 5590/18000 parsed=A argmax=A
phi full 5600/18000 parsed=A argmax=A
phi full 5610/18000 parsed=A argmax=A
phi full 5620/18000 parsed=A argmax=A
phi full 5630/18000 parsed=A argmax=A
phi full 5640/18000 parsed=A argmax=A
phi full 5650/18000 parsed=B argmax=B
phi full 5660/18000 parsed=A argmax=A
phi full 5670/18000 parsed=B argmax=B
phi full 5680/18000 parsed=A argmax=A
phi full 5690/18000 parsed=A argmax=A
phi full 5700/18000 parsed=B argmax=B
phi full 5710/18000 parsed=A argmax=A
phi full 5720/18000 parsed=B argmax=B
phi full 5730/18000 parsed=A argmax=A
phi full 5740/18000 parsed=A argmax=A
phi full 5750/18000 parsed=B argmax=B
phi full 5760/18000 parsed=B argmax=B
phi full 5770/18000 parsed=A argmax=A
phi full 5780/18000 parsed=A argmax=A
phi full 5790/18000 parsed=A argmax=A
phi full 5800/18000 parsed=A argmax=A
phi full 5810/18000 parsed=A argmax=A
phi full 5820/18000 parsed=A argmax=A
phi full 5830/18000 parsed=A argmax=A
phi full 5840/18000 parsed=A argmax=A
phi full 5850/18000 parsed=B argmax=B
phi full 5860/18000 parsed=A argmax=A
phi full 5870/18000 parsed=B argmax=B
phi full 5880/18000 parsed=A argmax=A
phi full 5890/18000 parsed=A argmax=A
phi full 5900/18000 parsed=B argmax=B
phi full 5910/18000 parsed=A argmax=A
phi full 5920/18000 parsed=B argmax=B
phi full 5930/18000 parsed=A argmax=A
phi full 5940/18000 parsed=B argmax=B
phi full 5950/18000 parsed=A argmax=A
phi full 5960/18000 parsed=A argmax=A
phi full 5970/18000 parsed=B argmax=B
phi full 5980/18000 parsed=A argmax=A
phi full 5990/18000 parsed=B argmax=B
phi full 6000/18000 parsed=A argmax=A
phi full 6010/18000 parsed=B argmax=B
phi full 6020/18000 parsed=A argmax=A
phi full 6030/18000 parsed=A argmax=A
phi full 6040/18000 parsed=A argmax=A
phi full 6050/18000 parsed=A argmax=A
phi full 6060/18000 parsed=B argmax=B
phi full 6070/18000 parsed=A argmax=A
phi full 6080/18000 parsed=B argmax=B
phi full 6090/18000 parsed=A argmax=A
phi full 6100/18000 parsed=A argmax=A
phi full 6110/18000 parsed=A argmax=A
phi full 6120/18000 parsed=A argmax=A
phi full 6130/18000 parsed=A argmax=A
phi full 6140/18000 parsed=A argmax=A
phi full 6150/18000 parsed=B argmax=B
phi full 6160/18000 parsed=B argmax=B
phi full 6170/18000 parsed=A argmax=A
phi full 6180/18000 parsed=A argmax=A
phi full 6190/18000 parsed=A argmax=A
phi full 6200/18000 parsed=A argmax=A
phi full 6210/18000 parsed=B argmax=B
phi full 6220/18000 parsed=A argmax=A
phi full 6230/18000 parsed=A argmax=A
phi full 6240/18000 parsed=A argmax=A
phi full 6250/18000 parsed=A argmax=A
phi full 6260/18000 parsed=B argmax=B
phi full 6270/18000 parsed=A argmax=A
phi full 6280/18000 parsed=B argmax=B
phi full 6290/18000 parsed=A argmax=A
phi full 6300/18000 parsed=B argmax=B
phi full 6310/18000 parsed=B argmax=B
phi full 6320/18000 parsed=B argmax=B
phi full 6330/18000 parsed=B argmax=B
phi full 6340/18000 parsed=B argmax=B
phi full 6350/18000 parsed=A argmax=A
phi full 6360/18000 parsed=B argmax=B
phi full 6370/18000 parsed=A argmax=A
phi full 6380/18000 parsed=A argmax=A
phi full 6390/18000 parsed=B argmax=B
phi full 6400/18000 parsed=A argmax=A
phi full 6410/18000 parsed=B argmax=B
phi full 6420/18000 parsed=B argmax=B
phi full 6430/18000 parsed=A argmax=A
phi full 6440/18000 parsed=B argmax=B
phi full 6450/18000 parsed=A argmax=A
phi full 6460/18000 parsed=A argmax=A
phi full 6470/18000 parsed=A argmax=A
phi full 6480/18000 parsed=B argmax=B
phi full 6490/18000 parsed=B argmax=B
phi full 6500/18000 parsed=A argmax=A
phi full 6510/18000 parsed=B argmax=B
phi full 6520/18000 parsed=B argmax=B
phi full 6530/18000 parsed=B argmax=B
phi full 6540/18000 parsed=B argmax=B
phi full 6550/18000 parsed=A argmax=A
phi full 6560/18000 parsed=A argmax=A
phi full 6570/18000 parsed=B argmax=B
phi full 6580/18000 parsed=A argmax=A
phi full 6590/18000 parsed=B argmax=B
phi full 6600/18000 parsed=B argmax=B
phi full 6610/18000 parsed=A argmax=A
phi full 6620/18000 parsed=B argmax=B
phi full 6630/18000 parsed=A argmax=A
phi full 6640/18000 parsed=B argmax=B
phi full 6650/18000 parsed=B argmax=B
phi full 6660/18000 parsed=B argmax=B
phi full 6670/18000 parsed=B argmax=B
phi full 6680/18000 parsed=B argmax=B
phi full 6690/18000 parsed=B argmax=B
phi full 6700/18000 parsed=B argmax=B
phi full 6710/18000 parsed=B argmax=B
phi full 6720/18000 parsed=A argmax=A
phi full 6730/18000 parsed=B argmax=B
phi full 6740/18000 parsed=A argmax=A
phi full 6750/18000 parsed=A argmax=A
phi full 6760/18000 parsed=B argmax=B
phi full 6770/18000 parsed=A argmax=A
phi full 6780/18000 parsed=B argmax=B
phi full 6790/18000 parsed=B argmax=B
phi full 6800/18000 parsed=A argmax=A
phi full 6810/18000 parsed=B argmax=B
phi full 6820/18000 parsed=A argmax=A
phi full 6830/18000 parsed=A argmax=A
phi full 6840/18000 parsed=B argmax=B
phi full 6850/18000 parsed=B argmax=B
phi full 6860/18000 parsed=A argmax=A
phi full 6870/18000 parsed=A argmax=A
phi full 6880/18000 parsed=B argmax=B
phi full 6890/18000 parsed=B argmax=B
phi full 6900/18000 parsed=B argmax=B
phi full 6910/18000 parsed=B argmax=B
phi full 6920/18000 parsed=A argmax=A
phi full 6930/18000 parsed=A argmax=A
phi full 6940/18000 parsed=A argmax=A
phi full 6950/18000 parsed=B argmax=B
phi full 6960/18000 parsed=A argmax=A
phi full 6970/18000 parsed=A argmax=A
phi full 6980/18000 parsed=A argmax=A
phi full 6990/18000 parsed=A argmax=A
phi full 7000/18000 parsed=B argmax=B
phi full 7010/18000 parsed=A argmax=A
phi full 7020/18000 parsed=B argmax=B
phi full 7030/18000 parsed=B argmax=B
phi full 7040/18000 parsed=B argmax=B
phi full 7050/18000 parsed=B argmax=B
phi full 7060/18000 parsed=A argmax=A
phi full 7070/18000 parsed=B argmax=B
phi full 7080/18000 parsed=A argmax=A
phi full 7090/18000 parsed=B argmax=B
phi full 7100/18000 parsed=A argmax=A
phi full 7110/18000 parsed=A argmax=A
phi full 7120/18000 parsed=A argmax=A
phi full 7130/18000 parsed=A argmax=A
phi full 7140/18000 parsed=A argmax=A
phi full 7150/18000 parsed=A argmax=A
phi full 7160/18000 parsed=B argmax=B
phi full 7170/18000 parsed=A argmax=A
phi full 7180/18000 parsed=A argmax=A
phi full 7190/18000 parsed=A argmax=A
phi full 7200/18000 parsed=A argmax=A
phi full 7210/18000 parsed=B argmax=B
phi full 7220/18000 parsed=B argmax=B
phi full 7230/18000 parsed=B argmax=B
phi full 7240/18000 parsed=B argmax=B
phi full 7250/18000 parsed=B argmax=B
phi full 7260/18000 parsed=A argmax=A
phi full 7270/18000 parsed=A argmax=A
phi full 7280/18000 parsed=A argmax=A
phi full 7290/18000 parsed=B argmax=B
phi full 7300/18000 parsed=A argmax=A
phi full 7310/18000 parsed=A argmax=A
phi full 7320/18000 parsed=B argmax=B
phi full 7330/18000 parsed=A argmax=A
phi full 7340/18000 parsed=B argmax=B
phi full 7350/18000 parsed=A argmax=A
phi full 7360/18000 parsed=B argmax=B
phi full 7370/18000 parsed=B argmax=B
phi full 7380/18000 parsed=A argmax=A
phi full 7390/18000 parsed=B argmax=B
phi full 7400/18000 parsed=A argmax=A
phi full 7410/18000 parsed=B argmax=B
phi full 7420/18000 parsed=B argmax=B
phi full 7430/18000 parsed=B argmax=B
phi full 7440/18000 parsed=A argmax=A
phi full 7450/18000 parsed=B argmax=B
phi full 7460/18000 parsed=A argmax=A
phi full 7470/18000 parsed=B argmax=B
phi full 7480/18000 parsed=A argmax=A
phi full 7490/18000 parsed=A argmax=A
phi full 7500/18000 parsed=B argmax=B
phi full 7510/18000 parsed=A argmax=A
phi full 7520/18000 parsed=A argmax=A
phi full 7530/18000 parsed=B argmax=B
phi full 7540/18000 parsed=B argmax=B
phi full 7550/18000 parsed=A argmax=A
phi full 7560/18000 parsed=A argmax=A
phi full 7570/18000 parsed=B argmax=B
phi full 7580/18000 parsed=A argmax=A
phi full 7590/18000 parsed=B argmax=B
phi full 7600/18000 parsed=A argmax=A
phi full 7610/18000 parsed=B argmax=B
phi full 7620/18000 parsed=B argmax=B
phi full 7630/18000 parsed=B argmax=B
phi full 7640/18000 parsed=B argmax=B
phi full 7650/18000 parsed=A argmax=A
phi full 7660/18000 parsed=B argmax=B
phi full 7670/18000 parsed=A argmax=A
phi full 7680/18000 parsed=A argmax=A
phi full 7690/18000 parsed=B argmax=B
phi full 7700/18000 parsed=A argmax=A
phi full 7710/18000 parsed=A argmax=A
phi full 7720/18000 parsed=A argmax=A
phi full 7730/18000 parsed=B argmax=B
phi full 7740/18000 parsed=A argmax=A
phi full 7750/18000 parsed=A argmax=A
phi full 7760/18000 parsed=A argmax=A
phi full 7770/18000 parsed=A argmax=A
phi full 7780/18000 parsed=A argmax=A
phi full 7790/18000 parsed=B argmax=B
phi full 7800/18000 parsed=A argmax=A
phi full 7810/18000 parsed=A argmax=A
phi full 7820/18000 parsed=B argmax=B
phi full 7830/18000 parsed=B argmax=B
phi full 7840/18000 parsed=B argmax=B
phi full 7850/18000 parsed=A argmax=A
phi full 7860/18000 parsed=A argmax=A
phi full 7870/18000 parsed=B argmax=B
phi full 7880/18000 parsed=A argmax=A
phi full 7890/18000 parsed=A argmax=A
phi full 7900/18000 parsed=B argmax=B
phi full 7910/18000 parsed=A argmax=A
phi full 7920/18000 parsed=A argmax=A
phi full 7930/18000 parsed=A argmax=A
phi full 7940/18000 parsed=B argmax=B
phi full 7950/18000 parsed=B argmax=B
phi full 7960/18000 parsed=A argmax=A
phi full 7970/18000 parsed=B argmax=B
phi full 7980/18000 parsed=A argmax=A
phi full 7990/18000 parsed=A argmax=A
phi full 8000/18000 parsed=B argmax=B
phi full 8010/18000 parsed=A argmax=A
phi full 8020/18000 parsed=A argmax=A
phi full 8030/18000 parsed=B argmax=B
phi full 8040/18000 parsed=B argmax=B
phi full 8050/18000 parsed=A argmax=A
phi full 8060/18000 parsed=B argmax=B
phi full 8070/18000 parsed=A argmax=A
phi full 8080/18000 parsed=B argmax=B
phi full 8090/18000 parsed=B argmax=B
phi full 8100/18000 parsed=A argmax=A
phi full 8110/18000 parsed=A argmax=A
phi full 8120/18000 parsed=A argmax=A
phi full 8130/18000 parsed=A argmax=A
phi full 8140/18000 parsed=B argmax=B
phi full 8150/18000 parsed=B argmax=B
phi full 8160/18000 parsed=B argmax=B
phi full 8170/18000 parsed=A argmax=A
phi full 8180/18000 parsed=B argmax=B
phi full 8190/18000 parsed=B argmax=B
phi full 8200/18000 parsed=A argmax=A
phi full 8210/18000 parsed=B argmax=B
phi full 8220/18000 parsed=A argmax=A
phi full 8230/18000 parsed=B argmax=B
phi full 8240/18000 parsed=B argmax=B
phi full 8250/18000 parsed=B argmax=B
phi full 8260/18000 parsed=A argmax=A
phi full 8270/18000 parsed=A argmax=A
phi full 8280/18000 parsed=A argmax=A
phi full 8290/18000 parsed=B argmax=B
phi full 8300/18000 parsed=A argmax=A
phi full 8310/18000 parsed=A argmax=A
phi full 8320/18000 parsed=B argmax=B
phi full 8330/18000 parsed=A argmax=A
phi full 8340/18000 parsed=A argmax=A
phi full 8350/18000 parsed=B argmax=B
phi full 8360/18000 parsed=A argmax=A
phi full 8370/18000 parsed=A argmax=A
phi full 8380/18000 parsed=A argmax=A
phi full 8390/18000 parsed=B argmax=B
phi full 8400/18000 parsed=A argmax=A
phi full 8410/18000 parsed=A argmax=A
phi full 8420/18000 parsed=A argmax=A
phi full 8430/18000 parsed=B argmax=B
phi full 8440/18000 parsed=B argmax=B
phi full 8450/18000 parsed=B argmax=B
phi full 8460/18000 parsed=A argmax=A
phi full 8470/18000 parsed=A argmax=A
phi full 8480/18000 parsed=A argmax=A
phi full 8490/18000 parsed=B argmax=B
phi full 8500/18000 parsed=B argmax=B
phi full 8510/18000 parsed=A argmax=A
phi full 8520/18000 parsed=B argmax=B
phi full 8530/18000 parsed=B argmax=B
phi full 8540/18000 parsed=B argmax=B
phi full 8550/18000 parsed=B argmax=B
phi full 8560/18000 parsed=A argmax=A
phi full 8570/18000 parsed=B argmax=B
phi full 8580/18000 parsed=A argmax=A
phi full 8590/18000 parsed=A argmax=A
phi full 8600/18000 parsed=B argmax=B
phi full 8610/18000 parsed=B argmax=B
phi full 8620/18000 parsed=A argmax=A
phi full 8630/18000 parsed=A argmax=A
phi full 8640/18000 parsed=B argmax=B
phi full 8650/18000 parsed=A argmax=A
phi full 8660/18000 parsed=A argmax=A
phi full 8670/18000 parsed=B argmax=B
phi full 8680/18000 parsed=A argmax=A
phi full 8690/18000 parsed=B argmax=B
phi full 8700/18000 parsed=A argmax=A
phi full 8710/18000 parsed=A argmax=A
phi full 8720/18000 parsed=B argmax=B
phi full 8730/18000 parsed=A argmax=A
phi full 8740/18000 parsed=B argmax=B
phi full 8750/18000 parsed=A argmax=A
phi full 8760/18000 parsed=A argmax=A
phi full 8770/18000 parsed=A argmax=A
phi full 8780/18000 parsed=B argmax=B
phi full 8790/18000 parsed=A argmax=A
phi full 8800/18000 parsed=A argmax=A
phi full 8810/18000 parsed=B argmax=B
phi full 8820/18000 parsed=B argmax=B
phi full 8830/18000 parsed=B argmax=B
phi full 8840/18000 parsed=B argmax=B
phi full 8850/18000 parsed=A argmax=A
phi full 8860/18000 parsed=A argmax=A
phi full 8870/18000 parsed=B argmax=B
phi full 8880/18000 parsed=B argmax=B
phi full 8890/18000 parsed=A argmax=A
phi full 8900/18000 parsed=A argmax=A
phi full 8910/18000 parsed=B argmax=B
phi full 8920/18000 parsed=A argmax=A
phi full 8930/18000 parsed=A argmax=A
phi full 8940/18000 parsed=A argmax=A
phi full 8950/18000 parsed=A argmax=A
phi full 8960/18000 parsed=A argmax=A
phi full 8970/18000 parsed=B argmax=B
phi full 8980/18000 parsed=B argmax=B
phi full 8990/18000 parsed=A argmax=A
phi full 9000/18000 parsed=B argmax=B
phi full 9010/18000 parsed=B argmax=B
phi full 9020/18000 parsed=A argmax=A
phi full 9030/18000 parsed=B argmax=B
phi full 9040/18000 parsed=A argmax=A
phi full 9050/18000 parsed=A argmax=A
phi full 9060/18000 parsed=B argmax=B
phi full 9070/18000 parsed=A argmax=A
phi full 9080/18000 parsed=B argmax=B
phi full 9090/18000 parsed=B argmax=B
phi full 9100/18000 parsed=B argmax=B
phi full 9110/18000 parsed=A argmax=A
phi full 9120/18000 parsed=A argmax=A
phi full 9130/18000 parsed=B argmax=B
phi full 9140/18000 parsed=B argmax=B
phi full 9150/18000 parsed=B argmax=B
phi full 9160/18000 parsed=A argmax=A
phi full 9170/18000 parsed=B argmax=B
phi full 9180/18000 parsed=A argmax=A
phi full 9190/18000 parsed=A argmax=A
phi full 9200/18000 parsed=A argmax=A
phi full 9210/18000 parsed=A argmax=A
phi full 9220/18000 parsed=A argmax=A
phi full 9230/18000 parsed=A argmax=A
phi full 9240/18000 parsed=A argmax=A
phi full 9250/18000 parsed=A argmax=A
phi full 9260/18000 parsed=B argmax=B
phi full 9270/18000 parsed=B argmax=B
phi full 9280/18000 parsed=B argmax=B
phi full 9290/18000 parsed=A argmax=A
phi full 9300/18000 parsed=B argmax=B
phi full 9310/18000 parsed=B argmax=B
phi full 9320/18000 parsed=B argmax=B
phi full 9330/18000 parsed=B argmax=B
phi full 9340/18000 parsed=A argmax=A
phi full 9350/18000 parsed=A argmax=A
phi full 9360/18000 parsed=A argmax=A
phi full 9370/18000 parsed=A argmax=A
phi full 9380/18000 parsed=A argmax=A
phi full 9390/18000 parsed=B argmax=B
phi full 9400/18000 parsed=B argmax=B
phi full 9410/18000 parsed=A argmax=A
phi full 9420/18000 parsed=A argmax=A
phi full 9430/18000 parsed=A argmax=A
phi full 9440/18000 parsed=B argmax=B
phi full 9450/18000 parsed=B argmax=B
phi full 9460/18000 parsed=A argmax=A
phi full 9470/18000 parsed=B argmax=B
phi full 9480/18000 parsed=A argmax=A
phi full 9490/18000 parsed=B argmax=B
phi full 9500/18000 parsed=B argmax=B
phi full 9510/18000 parsed=B argmax=B
phi full 9520/18000 parsed=A argmax=A
phi full 9530/18000 parsed=A argmax=A
phi full 9540/18000 parsed=B argmax=B
phi full 9550/18000 parsed=A argmax=A
phi full 9560/18000 parsed=A argmax=A
phi full 9570/18000 parsed=A argmax=A
phi full 9580/18000 parsed=B argmax=B
phi full 9590/18000 parsed=B argmax=B
phi full 9600/18000 parsed=B argmax=B
phi full 9610/18000 parsed=B argmax=B
phi full 9620/18000 parsed=B argmax=B
phi full 9630/18000 parsed=A argmax=A
phi full 9640/18000 parsed=B argmax=B
phi full 9650/18000 parsed=A argmax=A
phi full 9660/18000 parsed=A argmax=A
phi full 9670/18000 parsed=A argmax=A
phi full 9680/18000 parsed=B argmax=B
phi full 9690/18000 parsed=A argmax=A
phi full 9700/18000 parsed=B argmax=B
phi full 9710/18000 parsed=B argmax=B
phi full 9720/18000 parsed=A argmax=A
phi full 9730/18000 parsed=A argmax=A
phi full 9740/18000 parsed=B argmax=B
phi full 9750/18000 parsed=A argmax=A
phi full 9760/18000 parsed=A argmax=A
phi full 9770/18000 parsed=A argmax=A
phi full 9780/18000 parsed=A argmax=A
phi full 9790/18000 parsed=A argmax=A
phi full 9800/18000 parsed=A argmax=A
phi full 9810/18000 parsed=A argmax=A
phi full 9820/18000 parsed=B argmax=B
phi full 9830/18000 parsed=B argmax=B
phi full 9840/18000 parsed=B argmax=B
phi full 9850/18000 parsed=B argmax=B
phi full 9860/18000 parsed=A argmax=A
phi full 9870/18000 parsed=B argmax=B
phi full 9880/18000 parsed=A argmax=A
phi full 9890/18000 parsed=A argmax=A
phi full 9900/18000 parsed=A argmax=A
phi full 9910/18000 parsed=B argmax=B
phi full 9920/18000 parsed=A argmax=A
phi full 9930/18000 parsed=A argmax=A
phi full 9940/18000 parsed=A argmax=A
phi full 9950/18000 parsed=A argmax=A
phi full 9960/18000 parsed=A argmax=A
phi full 9970/18000 parsed=A argmax=A
phi full 9980/18000 parsed=B argmax=B
phi full 9990/18000 parsed=A argmax=A
phi full 10000/18000 parsed=B argmax=B
phi full 10010/18000 parsed=B argmax=B
phi full 10020/18000 parsed=A argmax=A
phi full 10030/18000 parsed=A argmax=A
phi full 10040/18000 parsed=B argmax=B
phi full 10050/18000 parsed=B argmax=B
phi full 10060/18000 parsed=A argmax=A
phi full 10070/18000 parsed=A argmax=A
phi full 10080/18000 parsed=A argmax=A
phi full 10090/18000 parsed=B argmax=B
phi full 10100/18000 parsed=B argmax=B
phi full 10110/18000 parsed=B argmax=B
phi full 10120/18000 parsed=A argmax=A
phi full 10130/18000 parsed=A argmax=A
phi full 10140/18000 parsed=A argmax=A
phi full 10150/18000 parsed=B argmax=B
phi full 10160/18000 parsed=B argmax=B
phi full 10170/18000 parsed=B argmax=B
phi full 10180/18000 parsed=A argmax=A
phi full 10190/18000 parsed=A argmax=A
phi full 10200/18000 parsed=A argmax=A
phi full 10210/18000 parsed=B argmax=B
phi full 10220/18000 parsed=B argmax=B
phi full 10230/18000 parsed=B argmax=B
phi full 10240/18000 parsed=A argmax=A
phi full 10250/18000 parsed=B argmax=B
phi full 10260/18000 parsed=A argmax=A
phi full 10270/18000 parsed=A argmax=A
phi full 10280/18000 parsed=A argmax=A
phi full 10290/18000 parsed=A argmax=A
phi full 10300/18000 parsed=B argmax=B
phi full 10310/18000 parsed=A argmax=A
phi full 10320/18000 parsed=B argmax=B
phi full 10330/18000 parsed=A argmax=A
phi full 10340/18000 parsed=B argmax=B
phi full 10350/18000 parsed=B argmax=B
phi full 10360/18000 parsed=B argmax=B
phi full 10370/18000 parsed=A argmax=A
phi full 10380/18000 parsed=A argmax=A
phi full 10390/18000 parsed=A argmax=A
phi full 10400/18000 parsed=B argmax=B
phi full 10410/18000 parsed=B argmax=B
phi full 10420/18000 parsed=A argmax=A
phi full 10430/18000 parsed=A argmax=A
phi full 10440/18000 parsed=B argmax=B
phi full 10450/18000 parsed=B argmax=B
phi full 10460/18000 parsed=B argmax=B
phi full 10470/18000 parsed=A argmax=A
phi full 10480/18000 parsed=B argmax=B
phi full 10490/18000 parsed=A argmax=A
phi full 10500/18000 parsed=B argmax=B
phi full 10510/18000 parsed=B argmax=B
phi full 10520/18000 parsed=B argmax=B
phi full 10530/18000 parsed=B argmax=B
phi full 10540/18000 parsed=B argmax=B
phi full 10550/18000 parsed=A argmax=A
phi full 10560/18000 parsed=A argmax=A
phi full 10570/18000 parsed=A argmax=A
phi full 10580/18000 parsed=B argmax=B
phi full 10590/18000 parsed=A argmax=A
phi full 10600/18000 parsed=B argmax=B
phi full 10610/18000 parsed=B argmax=B
phi full 10620/18000 parsed=B argmax=B
phi full 10630/18000 parsed=A argmax=A
phi full 10640/18000 parsed=B argmax=B
phi full 10650/18000 parsed=A argmax=A
phi full 10660/18000 parsed=B argmax=B
phi full 10670/18000 parsed=B argmax=B
phi full 10680/18000 parsed=A argmax=A
phi full 10690/18000 parsed=B argmax=B
phi full 10700/18000 parsed=A argmax=A
phi full 10710/18000 parsed=B argmax=B
phi full 10720/18000 parsed=A argmax=A
phi full 10730/18000 parsed=A argmax=A
phi full 10740/18000 parsed=A argmax=A
phi full 10750/18000 parsed=B argmax=B
phi full 10760/18000 parsed=A argmax=A
phi full 10770/18000 parsed=B argmax=B
phi full 10780/18000 parsed=A argmax=A
phi full 10790/18000 parsed=A argmax=A
phi full 10800/18000 parsed=A argmax=A
phi full 10810/18000 parsed=A argmax=A
phi full 10820/18000 parsed=B argmax=B
phi full 10830/18000 parsed=A argmax=A
phi full 10840/18000 parsed=B argmax=B
phi full 10850/18000 parsed=A argmax=A
phi full 10860/18000 parsed=B argmax=B
phi full 10870/18000 parsed=A argmax=A
phi full 10880/18000 parsed=A argmax=A
phi full 10890/18000 parsed=B argmax=B
phi full 10900/18000 parsed=B argmax=B
phi full 10910/18000 parsed=B argmax=B
phi full 10920/18000 parsed=A argmax=A
phi full 10930/18000 parsed=B argmax=B
phi full 10940/18000 parsed=A argmax=A
phi full 10950/18000 parsed=B argmax=B
phi full 10960/18000 parsed=B argmax=B
phi full 10970/18000 parsed=A argmax=A
phi full 10980/18000 parsed=A argmax=A
phi full 10990/18000 parsed=B argmax=B
phi full 11000/18000 parsed=A argmax=A
phi full 11010/18000 parsed=B argmax=B
phi full 11020/18000 parsed=B argmax=B
phi full 11030/18000 parsed=B argmax=B
phi full 11040/18000 parsed=B argmax=B
phi full 11050/18000 parsed=B argmax=B
phi full 11060/18000 parsed=A argmax=A
phi full 11070/18000 parsed=B argmax=B
phi full 11080/18000 parsed=B argmax=B
phi full 11090/18000 parsed=A argmax=A
phi full 11100/18000 parsed=A argmax=A
phi full 11110/18000 parsed=A argmax=A
phi full 11120/18000 parsed=A argmax=A
phi full 11130/18000 parsed=B argmax=B
phi full 11140/18000 parsed=B argmax=B
phi full 11150/18000 parsed=B argmax=B
phi full 11160/18000 parsed=B argmax=B
phi full 11170/18000 parsed=B argmax=B
phi full 11180/18000 parsed=A argmax=A
phi full 11190/18000 parsed=B argmax=B
phi full 11200/18000 parsed=B argmax=B
phi full 11210/18000 parsed=A argmax=A
phi full 11220/18000 parsed=B argmax=B
phi full 11230/18000 parsed=B argmax=B
phi full 11240/18000 parsed=B argmax=B
phi full 11250/18000 parsed=A argmax=A
phi full 11260/18000 parsed=B argmax=B
phi full 11270/18000 parsed=A argmax=A
phi full 11280/18000 parsed=A argmax=A
phi full 11290/18000 parsed=A argmax=A
phi full 11300/18000 parsed=A argmax=A
phi full 11310/18000 parsed=B argmax=B
phi full 11320/18000 parsed=B argmax=B
phi full 11330/18000 parsed=B argmax=B
phi full 11340/18000 parsed=B argmax=B
phi full 11350/18000 parsed=A argmax=A
phi full 11360/18000 parsed=A argmax=A
phi full 11370/18000 parsed=A argmax=A
phi full 11380/18000 parsed=A argmax=A
phi full 11390/18000 parsed=B argmax=B
phi full 11400/18000 parsed=A argmax=A
phi full 11410/18000 parsed=B argmax=B
phi full 11420/18000 parsed=A argmax=A
phi full 11430/18000 parsed=B argmax=B
phi full 11440/18000 parsed=B argmax=B
phi full 11450/18000 parsed=B argmax=B
phi full 11460/18000 parsed=A argmax=A
phi full 11470/18000 parsed=A argmax=A
phi full 11480/18000 parsed=A argmax=A
phi full 11490/18000 parsed=B argmax=B
phi full 11500/18000 parsed=A argmax=A
phi full 11510/18000 parsed=A argmax=A
phi full 11520/18000 parsed=A argmax=A
phi full 11530/18000 parsed=B argmax=B
phi full 11540/18000 parsed=B argmax=B
phi full 11550/18000 parsed=A argmax=A
phi full 11560/18000 parsed=B argmax=B
phi full 11570/18000 parsed=B argmax=B
phi full 11580/18000 parsed=B argmax=B
phi full 11590/18000 parsed=B argmax=B
phi full 11600/18000 parsed=B argmax=B
phi full 11610/18000 parsed=B argmax=B
phi full 11620/18000 parsed=A argmax=A
phi full 11630/18000 parsed=B argmax=B
phi full 11640/18000 parsed=A argmax=A
phi full 11650/18000 parsed=A argmax=A
phi full 11660/18000 parsed=B argmax=B
phi full 11670/18000 parsed=B argmax=B
phi full 11680/18000 parsed=A argmax=A
phi full 11690/18000 parsed=A argmax=A
phi full 11700/18000 parsed=B argmax=B
phi full 11710/18000 parsed=B argmax=B
phi full 11720/18000 parsed=B argmax=B
phi full 11730/18000 parsed=A argmax=A
phi full 11740/18000 parsed=A argmax=A
phi full 11750/18000 parsed=A argmax=A
phi full 11760/18000 parsed=A argmax=A
phi full 11770/18000 parsed=B argmax=B
phi full 11780/18000 parsed=A argmax=A
phi full 11790/18000 parsed=A argmax=A
phi full 11800/18000 parsed=B argmax=B
phi full 11810/18000 parsed=A argmax=A
phi full 11820/18000 parsed=A argmax=A
phi full 11830/18000 parsed=B argmax=B
phi full 11840/18000 parsed=A argmax=A
phi full 11850/18000 parsed=B argmax=B
phi full 11860/18000 parsed=A argmax=A
phi full 11870/18000 parsed=A argmax=A
phi full 11880/18000 parsed=B argmax=B
phi full 11890/18000 parsed=A argmax=A
phi full 11900/18000 parsed=A argmax=A
phi full 11910/18000 parsed=B argmax=B
phi full 11920/18000 parsed=B argmax=B
phi full 11930/18000 parsed=B argmax=B
phi full 11940/18000 parsed=A argmax=A
phi full 11950/18000 parsed=B argmax=B
phi full 11960/18000 parsed=A argmax=A
phi full 11970/18000 parsed=A argmax=A
phi full 11980/18000 parsed=A argmax=A
phi full 11990/18000 parsed=B argmax=B
phi full 12000/18000 parsed=B argmax=B
phi full 12010/18000 parsed=A argmax=A
phi full 12020/18000 parsed=B argmax=B
phi full 12030/18000 parsed=A argmax=A
phi full 12040/18000 parsed=A argmax=A
phi full 12050/18000 parsed=A argmax=A
phi full 12060/18000 parsed=A argmax=A
phi full 12070/18000 parsed=A argmax=A
phi full 12080/18000 parsed=B argmax=B
phi full 12090/18000 parsed=A argmax=A
phi full 12100/18000 parsed=A argmax=A
phi full 12110/18000 parsed=B argmax=B
phi full 12120/18000 parsed=A argmax=A
phi full 12130/18000 parsed=A argmax=A
phi full 12140/18000 parsed=B argmax=B
phi full 12150/18000 parsed=A argmax=A
phi full 12160/18000 parsed=A argmax=A
phi full 12170/18000 parsed=B argmax=B
phi full 12180/18000 parsed=B argmax=B
phi full 12190/18000 parsed=A argmax=A
phi full 12200/18000 parsed=A argmax=A
phi full 12210/18000 parsed=A argmax=A
phi full 12220/18000 parsed=B argmax=B
phi full 12230/18000 parsed=B argmax=B
phi full 12240/18000 parsed=B argmax=B
phi full 12250/18000 parsed=A argmax=A
phi full 12260/18000 parsed=B argmax=B
phi full 12270/18000 parsed=A argmax=A
phi full 12280/18000 parsed=B argmax=B
phi full 12290/18000 parsed=A argmax=A
phi full 12300/18000 parsed=B argmax=B
phi full 12310/18000 parsed=A argmax=A
phi full 12320/18000 parsed=A argmax=A
phi full 12330/18000 parsed=B argmax=B
phi full 12340/18000 parsed=A argmax=A
phi full 12350/18000 parsed=B argmax=B
phi full 12360/18000 parsed=A argmax=A
phi full 12370/18000 parsed=A argmax=A
phi full 12380/18000 parsed=A argmax=A
phi full 12390/18000 parsed=B argmax=B
phi full 12400/18000 parsed=A argmax=A
phi full 12410/18000 parsed=B argmax=B
phi full 12420/18000 parsed=A argmax=A
phi full 12430/18000 parsed=B argmax=B
phi full 12440/18000 parsed=A argmax=A
phi full 12450/18000 parsed=B argmax=B
phi full 12460/18000 parsed=B argmax=B
phi full 12470/18000 parsed=A argmax=A
phi full 12480/18000 parsed=A argmax=A
phi full 12490/18000 parsed=A argmax=A
phi full 12500/18000 parsed=A argmax=A
phi full 12510/18000 parsed=A argmax=A
phi full 12520/18000 parsed=B argmax=B
phi full 12530/18000 parsed=A argmax=A
phi full 12540/18000 parsed=A argmax=A
phi full 12550/18000 parsed=A argmax=A
phi full 12560/18000 parsed=B argmax=B
phi full 12570/18000 parsed=A argmax=A
phi full 12580/18000 parsed=B argmax=B
phi full 12590/18000 parsed=A argmax=A
phi full 12600/18000 parsed=B argmax=B
phi full 12610/18000 parsed=B argmax=B
phi full 12620/18000 parsed=A argmax=A
phi full 12630/18000 parsed=A argmax=A
phi full 12640/18000 parsed=B argmax=B
phi full 12650/18000 parsed=B argmax=B
phi full 12660/18000 parsed=B argmax=B
phi full 12670/18000 parsed=A argmax=A
phi full 12680/18000 parsed=A argmax=A
phi full 12690/18000 parsed=B argmax=B
phi full 12700/18000 parsed=A argmax=A
phi full 12710/18000 parsed=B argmax=B
phi full 12720/18000 parsed=B argmax=B
phi full 12730/18000 parsed=A argmax=A
phi full 12740/18000 parsed=A argmax=A
phi full 12750/18000 parsed=A argmax=A
phi full 12760/18000 parsed=A argmax=A
phi full 12770/18000 parsed=A argmax=A
phi full 12780/18000 parsed=A argmax=A
phi full 12790/18000 parsed=A argmax=A
phi full 12800/18000 parsed=A argmax=A
phi full 12810/18000 parsed=A argmax=A
phi full 12820/18000 parsed=A argmax=A
phi full 12830/18000 parsed=B argmax=B
phi full 12840/18000 parsed=A argmax=A
phi full 12850/18000 parsed=B argmax=B
phi full 12860/18000 parsed=A argmax=A
phi full 12870/18000 parsed=B argmax=B
phi full 12880/18000 parsed=A argmax=A
phi full 12890/18000 parsed=A argmax=A
phi full 12900/18000 parsed=A argmax=A
phi full 12910/18000 parsed=B argmax=B
phi full 12920/18000 parsed=A argmax=A
phi full 12930/18000 parsed=A argmax=A
phi full 12940/18000 parsed=A argmax=A
phi full 12950/18000 parsed=B argmax=B
phi full 12960/18000 parsed=A argmax=A
phi full 12970/18000 parsed=B argmax=B
phi full 12980/18000 parsed=A argmax=A
phi full 12990/18000 parsed=A argmax=A
phi full 13000/18000 parsed=A argmax=A
phi full 13010/18000 parsed=B argmax=B
phi full 13020/18000 parsed=B argmax=B
phi full 13030/18000 parsed=B argmax=B
phi full 13040/18000 parsed=B argmax=B
phi full 13050/18000 parsed=A argmax=A
phi full 13060/18000 parsed=A argmax=A
phi full 13070/18000 parsed=A argmax=A
phi full 13080/18000 parsed=B argmax=B
phi full 13090/18000 parsed=B argmax=B
phi full 13100/18000 parsed=B argmax=B
phi full 13110/18000 parsed=A argmax=A
phi full 13120/18000 parsed=A argmax=A
phi full 13130/18000 parsed=A argmax=A
phi full 13140/18000 parsed=A argmax=A
phi full 13150/18000 parsed=A argmax=A
phi full 13160/18000 parsed=A argmax=A
phi full 13170/18000 parsed=A argmax=A
phi full 13180/18000 parsed=B argmax=B
phi full 13190/18000 parsed=A argmax=A
phi full 13200/18000 parsed=B argmax=B
phi full 13210/18000 parsed=B argmax=B
phi full 13220/18000 parsed=A argmax=A
phi full 13230/18000 parsed=B argmax=B
phi full 13240/18000 parsed=B argmax=B
phi full 13250/18000 parsed=A argmax=A
phi full 13260/18000 parsed=A argmax=A
phi full 13270/18000 parsed=A argmax=A
phi full 13280/18000 parsed=B argmax=B
phi full 13290/18000 parsed=B argmax=B
phi full 13300/18000 parsed=B argmax=B
phi full 13310/18000 parsed=A argmax=A
phi full 13320/18000 parsed=A argmax=A
phi full 13330/18000 parsed=A argmax=A
phi full 13340/18000 parsed=A argmax=A
phi full 13350/18000 parsed=B argmax=B
phi full 13360/18000 parsed=B argmax=B
phi full 13370/18000 parsed=A argmax=A
phi full 13380/18000 parsed=A argmax=A
phi full 13390/18000 parsed=B argmax=B
phi full 13400/18000 parsed=A argmax=A
phi full 13410/18000 parsed=A argmax=A
phi full 13420/18000 parsed=A argmax=A
phi full 13430/18000 parsed=B argmax=B
phi full 13440/18000 parsed=A argmax=A
phi full 13450/18000 parsed=A argmax=A
phi full 13460/18000 parsed=A argmax=A
phi full 13470/18000 parsed=A argmax=A
phi full 13480/18000 parsed=B argmax=B
phi full 13490/18000 parsed=A argmax=A
phi full 13500/18000 parsed=A argmax=A
phi full 13510/18000 parsed=A argmax=A
phi full 13520/18000 parsed=A argmax=A
phi full 13530/18000 parsed=B argmax=B
phi full 13540/18000 parsed=B argmax=B
phi full 13550/18000 parsed=B argmax=B
phi full 13560/18000 parsed=A argmax=A
phi full 13570/18000 parsed=B argmax=B
phi full 13580/18000 parsed=B argmax=B
phi full 13590/18000 parsed=A argmax=A
phi full 13600/18000 parsed=B argmax=B
phi full 13610/18000 parsed=B argmax=B
phi full 13620/18000 parsed=B argmax=B
phi full 13630/18000 parsed=A argmax=A
phi full 13640/18000 parsed=B argmax=B
phi full 13650/18000 parsed=B argmax=B
phi full 13660/18000 parsed=A argmax=A
phi full 13670/18000 parsed=A argmax=A
phi full 13680/18000 parsed=A argmax=A
phi full 13690/18000 parsed=B argmax=B
phi full 13700/18000 parsed=B argmax=B
phi full 13710/18000 parsed=B argmax=B
phi full 13720/18000 parsed=A argmax=A
phi full 13730/18000 parsed=B argmax=B
phi full 13740/18000 parsed=A argmax=A
phi full 13750/18000 parsed=A argmax=A
phi full 13760/18000 parsed=A argmax=A
phi full 13770/18000 parsed=B argmax=B
phi full 13780/18000 parsed=A argmax=A
phi full 13790/18000 parsed=A argmax=A
phi full 13800/18000 parsed=B argmax=B
phi full 13810/18000 parsed=A argmax=A
phi full 13820/18000 parsed=B argmax=B
phi full 13830/18000 parsed=B argmax=B
phi full 13840/18000 parsed=A argmax=A
phi full 13850/18000 parsed=A argmax=A
phi full 13860/18000 parsed=A argmax=A
phi full 13870/18000 parsed=A argmax=A
phi full 13880/18000 parsed=A argmax=A
phi full 13890/18000 parsed=A argmax=A
phi full 13900/18000 parsed=B argmax=B
phi full 13910/18000 parsed=B argmax=B
phi full 13920/18000 parsed=B argmax=B
phi full 13930/18000 parsed=B argmax=B
phi full 13940/18000 parsed=B argmax=B
phi full 13950/18000 parsed=A argmax=A
phi full 13960/18000 parsed=A argmax=A
phi full 13970/18000 parsed=A argmax=A
phi full 13980/18000 parsed=A argmax=A
phi full 13990/18000 parsed=B argmax=B
phi full 14000/18000 parsed=A argmax=A
phi full 14010/18000 parsed=A argmax=A
phi full 14020/18000 parsed=A argmax=A
phi full 14030/18000 parsed=A argmax=A
phi full 14040/18000 parsed=A argmax=A
phi full 14050/18000 parsed=A argmax=A
phi full 14060/18000 parsed=A argmax=A
phi full 14070/18000 parsed=B argmax=B
phi full 14080/18000 parsed=A argmax=A
phi full 14090/18000 parsed=A argmax=A
phi full 14100/18000 parsed=A argmax=A
phi full 14110/18000 parsed=A argmax=A
phi full 14120/18000 parsed=A argmax=A
phi full 14130/18000 parsed=A argmax=A
phi full 14140/18000 parsed=A argmax=A
phi full 14150/18000 parsed=A argmax=A
phi full 14160/18000 parsed=A argmax=A
phi full 14170/18000 parsed=B argmax=B
phi full 14180/18000 parsed=A argmax=A
phi full 14190/18000 parsed=B argmax=B
phi full 14200/18000 parsed=B argmax=B
phi full 14210/18000 parsed=A argmax=A
phi full 14220/18000 parsed=A argmax=A
phi full 14230/18000 parsed=A argmax=A
phi full 14240/18000 parsed=A argmax=A
phi full 14250/18000 parsed=A argmax=A
phi full 14260/18000 parsed=B argmax=B
phi full 14270/18000 parsed=B argmax=B
phi full 14280/18000 parsed=A argmax=A
phi full 14290/18000 parsed=A argmax=A
phi full 14300/18000 parsed=B argmax=B
phi full 14310/18000 parsed=A argmax=A
phi full 14320/18000 parsed=A argmax=A
phi full 14330/18000 parsed=B argmax=B
phi full 14340/18000 parsed=A argmax=A
phi full 14350/18000 parsed=B argmax=B
phi full 14360/18000 parsed=B argmax=B
phi full 14370/18000 parsed=B argmax=B
phi full 14380/18000 parsed=A argmax=A
phi full 14390/18000 parsed=B argmax=B
phi full 14400/18000 parsed=B argmax=B
phi full 14410/18000 parsed=A argmax=A
phi full 14420/18000 parsed=A argmax=A
phi full 14430/18000 parsed=A argmax=A
phi full 14440/18000 parsed=A argmax=A
phi full 14450/18000 parsed=B argmax=B
phi full 14460/18000 parsed=B argmax=B
phi full 14470/18000 parsed=B argmax=B
phi full 14480/18000 parsed=A argmax=A
phi full 14490/18000 parsed=A argmax=A
phi full 14500/18000 parsed=A argmax=A
phi full 14510/18000 parsed=B argmax=B
phi full 14520/18000 parsed=A argmax=A
phi full 14530/18000 parsed=B argmax=B
phi full 14540/18000 parsed=A argmax=A
phi full 14550/18000 parsed=A argmax=A
phi full 14560/18000 parsed=B argmax=B
phi full 14570/18000 parsed=A argmax=A
phi full 14580/18000 parsed=A argmax=A
phi full 14590/18000 parsed=A argmax=A
phi full 14600/18000 parsed=B argmax=B
phi full 14610/18000 parsed=A argmax=A
phi full 14620/18000 parsed=B argmax=B
phi full 14630/18000 parsed=B argmax=B
phi full 14640/18000 parsed=B argmax=B
phi full 14650/18000 parsed=A argmax=A
phi full 14660/18000 parsed=B argmax=B
phi full 14670/18000 parsed=A argmax=A
phi full 14680/18000 parsed=B argmax=B
phi full 14690/18000 parsed=B argmax=B
phi full 14700/18000 parsed=B argmax=B
phi full 14710/18000 parsed=B argmax=B
phi full 14720/18000 parsed=A argmax=A
phi full 14730/18000 parsed=B argmax=B
phi full 14740/18000 parsed=B argmax=B
phi full 14750/18000 parsed=A argmax=A
phi full 14760/18000 parsed=B argmax=B
phi full 14770/18000 parsed=A argmax=A
phi full 14780/18000 parsed=A argmax=A
phi full 14790/18000 parsed=A argmax=A
phi full 14800/18000 parsed=A argmax=A
phi full 14810/18000 parsed=B argmax=B
phi full 14820/18000 parsed=B argmax=B
phi full 14830/18000 parsed=B argmax=B
phi full 14840/18000 parsed=A argmax=A
phi full 14850/18000 parsed=A argmax=A
phi full 14860/18000 parsed=B argmax=B
phi full 14870/18000 parsed=B argmax=B
phi full 14880/18000 parsed=A argmax=A
phi full 14890/18000 parsed=A argmax=A
phi full 14900/18000 parsed=B argmax=B
phi full 14910/18000 parsed=A argmax=A
phi full 14920/18000 parsed=B argmax=B
phi full 14930/18000 parsed=A argmax=A
phi full 14940/18000 parsed=B argmax=B
phi full 14950/18000 parsed=B argmax=B
phi full 14960/18000 parsed=B argmax=B
phi full 14970/18000 parsed=A argmax=A
phi full 14980/18000 parsed=A argmax=A
phi full 14990/18000 parsed=B argmax=B
phi full 15000/18000 parsed=B argmax=B
phi full 15010/18000 parsed=B argmax=B
phi full 15020/18000 parsed=B argmax=B
phi full 15030/18000 parsed=A argmax=A
phi full 15040/18000 parsed=A argmax=A
phi full 15050/18000 parsed=A argmax=A
phi full 15060/18000 parsed=B argmax=B
phi full 15070/18000 parsed=A argmax=A
phi full 15080/18000 parsed=A argmax=A
phi full 15090/18000 parsed=A argmax=A
phi full 15100/18000 parsed=A argmax=A
phi full 15110/18000 parsed=B argmax=B
phi full 15120/18000 parsed=B argmax=B
phi full 15130/18000 parsed=A argmax=A
phi full 15140/18000 parsed=A argmax=A
phi full 15150/18000 parsed=B argmax=B
phi full 15160/18000 parsed=B argmax=B
phi full 15170/18000 parsed=A argmax=A
phi full 15180/18000 parsed=B argmax=B
phi full 15190/18000 parsed=B argmax=B
phi full 15200/18000 parsed=B argmax=B
phi full 15210/18000 parsed=B argmax=B
phi full 15220/18000 parsed=A argmax=A
phi full 15230/18000 parsed=A argmax=A
phi full 15240/18000 parsed=A argmax=A
phi full 15250/18000 parsed=B argmax=B
phi full 15260/18000 parsed=B argmax=B
phi full 15270/18000 parsed=A argmax=A
phi full 15280/18000 parsed=B argmax=B
phi full 15290/18000 parsed=A argmax=A
phi full 15300/18000 parsed=A argmax=A
phi full 15310/18000 parsed=B argmax=B
phi full 15320/18000 parsed=A argmax=A
phi full 15330/18000 parsed=A argmax=A
phi full 15340/18000 parsed=A argmax=A
phi full 15350/18000 parsed=B argmax=B
phi full 15360/18000 parsed=B argmax=B
phi full 15370/18000 parsed=A argmax=A
phi full 15380/18000 parsed=A argmax=A
phi full 15390/18000 parsed=A argmax=A
phi full 15400/18000 parsed=B argmax=B
phi full 15410/18000 parsed=B argmax=B
phi full 15420/18000 parsed=B argmax=B
phi full 15430/18000 parsed=A argmax=A
phi full 15440/18000 parsed=B argmax=B
phi full 15450/18000 parsed=A argmax=A
phi full 15460/18000 parsed=B argmax=B
phi full 15470/18000 parsed=B argmax=B
phi full 15480/18000 parsed=B argmax=B
phi full 15490/18000 parsed=A argmax=A
phi full 15500/18000 parsed=A argmax=A
phi full 15510/18000 parsed=A argmax=A
phi full 15520/18000 parsed=A argmax=A
phi full 15530/18000 parsed=B argmax=B
phi full 15540/18000 parsed=B argmax=B
phi full 15550/18000 parsed=A argmax=A
phi full 15560/18000 parsed=B argmax=B
phi full 15570/18000 parsed=B argmax=B
phi full 15580/18000 parsed=B argmax=B
phi full 15590/18000 parsed=A argmax=A
phi full 15600/18000 parsed=B argmax=B
phi full 15610/18000 parsed=A argmax=A
phi full 15620/18000 parsed=A argmax=A
phi full 15630/18000 parsed=A argmax=A
phi full 15640/18000 parsed=B argmax=B
phi full 15650/18000 parsed=A argmax=A
phi full 15660/18000 parsed=A argmax=A
phi full 15670/18000 parsed=B argmax=B
phi full 15680/18000 parsed=B argmax=B
phi full 15690/18000 parsed=A argmax=A
phi full 15700/18000 parsed=A argmax=A
phi full 15710/18000 parsed=A argmax=A
phi full 15720/18000 parsed=B argmax=B
phi full 15730/18000 parsed=B argmax=B
phi full 15740/18000 parsed=A argmax=A
phi full 15750/18000 parsed=B argmax=B
phi full 15760/18000 parsed=A argmax=A
phi full 15770/18000 parsed=A argmax=A
phi full 15780/18000 parsed=A argmax=A
phi full 15790/18000 parsed=A argmax=A
phi full 15800/18000 parsed=A argmax=A
phi full 15810/18000 parsed=B argmax=B
phi full 15820/18000 parsed=A argmax=A
phi full 15830/18000 parsed=A argmax=A
phi full 15840/18000 parsed=A argmax=A
phi full 15850/18000 parsed=A argmax=A
phi full 15860/18000 parsed=A argmax=A
phi full 15870/18000 parsed=B argmax=B
phi full 15880/18000 parsed=B argmax=B
phi full 15890/18000 parsed=B argmax=B
phi full 15900/18000 parsed=A argmax=A
phi full 15910/18000 parsed=A argmax=A
phi full 15920/18000 parsed=B argmax=B
phi full 15930/18000 parsed=B argmax=B
phi full 15940/18000 parsed=A argmax=A
phi full 15950/18000 parsed=A argmax=A
phi full 15960/18000 parsed=A argmax=A
phi full 15970/18000 parsed=B argmax=B
phi full 15980/18000 parsed=A argmax=A
phi full 15990/18000 parsed=A argmax=A
phi full 16000/18000 parsed=B argmax=B
phi full 16010/18000 parsed=B argmax=B
phi full 16020/18000 parsed=A argmax=A
phi full 16030/18000 parsed=A argmax=A
phi full 16040/18000 parsed=A argmax=A
phi full 16050/18000 parsed=B argmax=B
phi full 16060/18000 parsed=A argmax=A
phi full 16070/18000 parsed=A argmax=A
phi full 16080/18000 parsed=B argmax=B
phi full 16090/18000 parsed=B argmax=B
phi full 16100/18000 parsed=B argmax=B
phi full 16110/18000 parsed=A argmax=A
phi full 16120/18000 parsed=A argmax=A
phi full 16130/18000 parsed=B argmax=B
phi full 16140/18000 parsed=B argmax=B
phi full 16150/18000 parsed=B argmax=B
phi full 16160/18000 parsed=A argmax=A
phi full 16170/18000 parsed=A argmax=A
phi full 16180/18000 parsed=A argmax=A
phi full 16190/18000 parsed=A argmax=A
phi full 16200/18000 parsed=A argmax=A
phi full 16210/18000 parsed=B argmax=B
phi full 16220/18000 parsed=A argmax=A
phi full 16230/18000 parsed=B argmax=B
phi full 16240/18000 parsed=A argmax=A
phi full 16250/18000 parsed=A argmax=A
phi full 16260/18000 parsed=B argmax=B
phi full 16270/18000 parsed=B argmax=B
phi full 16280/18000 parsed=A argmax=A
phi full 16290/18000 parsed=A argmax=A
phi full 16300/18000 parsed=B argmax=B
phi full 16310/18000 parsed=B argmax=B
phi full 16320/18000 parsed=B argmax=B
phi full 16330/18000 parsed=B argmax=B
phi full 16340/18000 parsed=B argmax=B
phi full 16350/18000 parsed=A argmax=A
phi full 16360/18000 parsed=A argmax=A
phi full 16370/18000 parsed=A argmax=A
phi full 16380/18000 parsed=A argmax=A
phi full 16390/18000 parsed=B argmax=B
phi full 16400/18000 parsed=A argmax=A
phi full 16410/18000 parsed=B argmax=B
phi full 16420/18000 parsed=A argmax=A
phi full 16430/18000 parsed=B argmax=B
phi full 16440/18000 parsed=B argmax=B
phi full 16450/18000 parsed=B argmax=B
phi full 16460/18000 parsed=B argmax=B
phi full 16470/18000 parsed=A argmax=A
phi full 16480/18000 parsed=A argmax=A
phi full 16490/18000 parsed=B argmax=B
phi full 16500/18000 parsed=A argmax=A
phi full 16510/18000 parsed=A argmax=A
phi full 16520/18000 parsed=A argmax=A
phi full 16530/18000 parsed=A argmax=A
phi full 16540/18000 parsed=A argmax=A
phi full 16550/18000 parsed=B argmax=B
phi full 16560/18000 parsed=A argmax=A
phi full 16570/18000 parsed=B argmax=B
phi full 16580/18000 parsed=B argmax=B
phi full 16590/18000 parsed=A argmax=A
phi full 16600/18000 parsed=B argmax=B
phi full 16610/18000 parsed=B argmax=B
phi full 16620/18000 parsed=A argmax=A
phi full 16630/18000 parsed=A argmax=A
phi full 16640/18000 parsed=A argmax=A
phi full 16650/18000 parsed=B argmax=B
phi full 16660/18000 parsed=A argmax=A
phi full 16670/18000 parsed=A argmax=A
phi full 16680/18000 parsed=B argmax=B
phi full 16690/18000 parsed=B argmax=B
phi full 16700/18000 parsed=A argmax=A
phi full 16710/18000 parsed=B argmax=B
phi full 16720/18000 parsed=B argmax=B
phi full 16730/18000 parsed=A argmax=A
phi full 16740/18000 parsed=A argmax=A
phi full 16750/18000 parsed=A argmax=A
phi full 16760/18000 parsed=B argmax=B
phi full 16770/18000 parsed=B argmax=B
phi full 16780/18000 parsed=A argmax=A
phi full 16790/18000 parsed=A argmax=A
phi full 16800/18000 parsed=A argmax=A
phi full 16810/18000 parsed=A argmax=A
phi full 16820/18000 parsed=A argmax=A
phi full 16830/18000 parsed=A argmax=A
phi full 16840/18000 parsed=B argmax=B
phi full 16850/18000 parsed=A argmax=A
phi full 16860/18000 parsed=A argmax=A
phi full 16870/18000 parsed=A argmax=A
phi full 16880/18000 parsed=A argmax=A
phi full 16890/18000 parsed=B argmax=B
phi full 16900/18000 parsed=A argmax=A
phi full 16910/18000 parsed=B argmax=B
phi full 16920/18000 parsed=B argmax=B
phi full 16930/18000 parsed=A argmax=A
phi full 16940/18000 parsed=A argmax=A
phi full 16950/18000 parsed=A argmax=A
phi full 16960/18000 parsed=A argmax=A
phi full 16970/18000 parsed=A argmax=A
phi full 16980/18000 parsed=B argmax=B
phi full 16990/18000 parsed=A argmax=A
phi full 17000/18000 parsed=A argmax=A
phi full 17010/18000 parsed=A argmax=A
phi full 17020/18000 parsed=A argmax=A
phi full 17030/18000 parsed=A argmax=A
phi full 17040/18000 parsed=A argmax=A
phi full 17050/18000 parsed=B argmax=B
phi full 17060/18000 parsed=B argmax=B
phi full 17070/18000 parsed=B argmax=B
phi full 17080/18000 parsed=B argmax=B
phi full 17090/18000 parsed=B argmax=B
phi full 17100/18000 parsed=B argmax=B
phi full 17110/18000 parsed=A argmax=A
phi full 17120/18000 parsed=A argmax=A
phi full 17130/18000 parsed=B argmax=B
phi full 17140/18000 parsed=B argmax=B
phi full 17150/18000 parsed=A argmax=A
phi full 17160/18000 parsed=A argmax=A
phi full 17170/18000 parsed=B argmax=B
phi full 17180/18000 parsed=A argmax=A
phi full 17190/18000 parsed=B argmax=B
phi full 17200/18000 parsed=B argmax=B
phi full 17210/18000 parsed=B argmax=B
phi full 17220/18000 parsed=B argmax=B
phi full 17230/18000 parsed=A argmax=A
phi full 17240/18000 parsed=B argmax=B
phi full 17250/18000 parsed=B argmax=B
phi full 17260/18000 parsed=B argmax=B
phi full 17270/18000 parsed=B argmax=B
phi full 17280/18000 parsed=B argmax=B
phi full 17290/18000 parsed=A argmax=A
phi full 17300/18000 parsed=A argmax=A
phi full 17310/18000 parsed=B argmax=B
phi full 17320/18000 parsed=A argmax=A
phi full 17330/18000 parsed=B argmax=B
phi full 17340/18000 parsed=B argmax=B
phi full 17350/18000 parsed=A argmax=A
phi full 17360/18000 parsed=B argmax=B
phi full 17370/18000 parsed=B argmax=B
phi full 17380/18000 parsed=A argmax=A
phi full 17390/18000 parsed=A argmax=A
phi full 17400/18000 parsed=B argmax=B
phi full 17410/18000 parsed=B argmax=B
phi full 17420/18000 parsed=B argmax=B
phi full 17430/18000 parsed=A argmax=A
phi full 17440/18000 parsed=A argmax=A
phi full 17450/18000 parsed=B argmax=B
phi full 17460/18000 parsed=A argmax=A
phi full 17470/18000 parsed=A argmax=A
phi full 17480/18000 parsed=B argmax=B
phi full 17490/18000 parsed=A argmax=A
phi full 17500/18000 parsed=B argmax=B
phi full 17510/18000 parsed=B argmax=B
phi full 17520/18000 parsed=A argmax=A
phi full 17530/18000 parsed=A argmax=A
phi full 17540/18000 parsed=A argmax=A
phi full 17550/18000 parsed=A argmax=A
phi full 17560/18000 parsed=A argmax=A
phi full 17570/18000 parsed=A argmax=A
phi full 17580/18000 parsed=A argmax=A
phi full 17590/18000 parsed=A argmax=A
phi full 17600/18000 parsed=A argmax=A
phi full 17610/18000 parsed=B argmax=B
phi full 17620/18000 parsed=A argmax=A
phi full 17630/18000 parsed=B argmax=B
phi full 17640/18000 parsed=B argmax=B
phi full 17650/18000 parsed=B argmax=B
phi full 17660/18000 parsed=A argmax=A
phi full 17670/18000 parsed=A argmax=A
phi full 17680/18000 parsed=A argmax=A
phi full 17690/18000 parsed=B argmax=B
phi full 17700/18000 parsed=A argmax=A
phi full 17710/18000 parsed=A argmax=A
phi full 17720/18000 parsed=A argmax=A
phi full 17730/18000 parsed=B argmax=B
phi full 17740/18000 parsed=A argmax=A
phi full 17750/18000 parsed=A argmax=A
phi full 17760/18000 parsed=A argmax=A
phi full 17770/18000 parsed=A argmax=A
phi full 17780/18000 parsed=B argmax=B
phi full 17790/18000 parsed=A argmax=A
phi full 17800/18000 parsed=A argmax=A
phi full 17810/18000 parsed=B argmax=B
phi full 17820/18000 parsed=B argmax=B
phi full 17830/18000 parsed=A argmax=A
phi full 17840/18000 parsed=A argmax=A
phi full 17850/18000 parsed=A argmax=A
phi full 17860/18000 parsed=B argmax=B
phi full 17870/18000 parsed=B argmax=B
phi full 17880/18000 parsed=B argmax=B
phi full 17890/18000 parsed=B argmax=B
phi full 17900/18000 parsed=A argmax=A
phi full 17910/18000 parsed=A argmax=A
phi full 17920/18000 parsed=A argmax=A
phi full 17930/18000 parsed=A argmax=A
phi full 17940/18000 parsed=A argmax=A
phi full 17950/18000 parsed=A argmax=A
phi full 17960/18000 parsed=B argmax=B
phi full 17970/18000 parsed=B argmax=B
phi full 17980/18000 parsed=B argmax=B
phi full 17990/18000 parsed=A argmax=A
phi full 18000/18000 parsed=A argmax=A
{
  "status": "complete",
  "protocol_id": "rq1-grounded-model-battery-3lang-20260723-v1",
  "approval_commit": "2c6a439",
  "model": "microsoft/Phi-4-multimodal-instruct",
  "model_revision": "93f923e1a7727d1c4f446756212d9d3e8fcc5d81",
  "snapshot": "/ANON/scratch_rq1/hf/hub/models--microsoft--Phi-4-multimodal-instruct/snapshots/93f923e1a7727d1c4f446756212d9d3e8fcc5d81",
  "adapter": "phi4mm",
  "attention_backend": "sdpa",
  "phase": "full",
  "pairs": 9000,
  "orders": [
    "AB",
    "BA"
  ],
  "calls_expected": 18000,
  "calls_planned": 18000,
  "prompt_path": "results/grounded_protocol_3lang_20260721/config/prompt_B_template.txt",
  "prompt_sha256": "1eb486ba7a7f1908b4279446aec106117fd209d410f7309ca2c5a64bcb978ae1",
  "runner_sha256": "42e290d89d5c75954d756f0083b33bcfd0e0af98a79d4d0ef98e3ad3d7f7a5b8",
  "environment_audit_sha256": "d207b5e61d392469b3fd66fa3cd478b68abb0cf078fbcffa234bd62e9d188dc6",
  "modality": "image_only",
  "packaging": "two_separately_labeled_images",
  "dtype": "bfloat16",
  "decoding": {
    "do_sample": false,
    "temperature": 0.0,
    "top_p_inactive": 1.0,
    "max_new_tokens": 24
  },
  "seed": 42,
  "cuda_visible_devices": "0",
  "gpu_name": "NVIDIA RTX PRO 6000 Blackwell Server Edition",
  "concurrency_group": "group3_phi_alone",
  "python": "3.10.12",
  "created_at_utc": "2026-07-30T11:35:14.376818+00:00",
  "calls_completed": 18000,
  "completed_at_utc": "2026-07-30T15:24:47.993400+00:00"
}
